   1              	 .cpu cortex-m0
   2              	 .fpu softvfp
   3              	 .eabi_attribute 20,1
   4              	 .eabi_attribute 21,1
   5              	 .eabi_attribute 23,3
   6              	 .eabi_attribute 24,1
   7              	 .eabi_attribute 25,1
   8              	 .eabi_attribute 26,1
   9              	 .eabi_attribute 30,4
  10              	 .eabi_attribute 34,0
  11              	 .eabi_attribute 18,4
  12              	 .code 16
  13              	 .file "xmc_bccu.c"
  14              	 .section .text.XMC_BCCU_GlobalInit,"ax",%progbits
  15              	 .align 1
  16              	 .global XMC_BCCU_GlobalInit
  17              	 .code 16
  18              	 .thumb_func
  20              	XMC_BCCU_GlobalInit:
  21 0000 38B5     	 push {r3,r4,r5,lr}
  22 0002 0D1C     	 mov r5,r1
  23 0004 041C     	 mov r4,r0
  24 0006 1020     	 mov r0,#16
  25 0008 FFF7FEFF 	 bl XMC_SCU_CLOCK_UngatePeripheralClock
  26 000c 2B68     	 ldr r3,[r5]
  27              	 
  28 000e 2360     	 str r3,[r4]
  29 0010 6B68     	 ldr r3,[r5,#4]
  30 0012 6360     	 str r3,[r4,#4]
  31 0014 AB68     	 ldr r3,[r5,#8]
  32 0016 A362     	 str r3,[r4,#40]
  33 0018 38BD     	 pop {r3,r4,r5,pc}
  35              	 .section .text.XMC_BCCU_ConfigGlobalTrigger,"ax",%progbits
  36              	 .align 1
  37              	 .global XMC_BCCU_ConfigGlobalTrigger
  38              	 .code 16
  39              	 .thumb_func
  41              	XMC_BCCU_ConfigGlobalTrigger:
  42 0000 10B5     	 push {r4,lr}
  43 0002 0D24     	 mov r4,#13
  44 0004 0368     	 ldr r3,[r0]
  45 0006 9200     	 lsl r2,r2,#2
  46 0008 A343     	 bic r3,r4
  47 000a 0360     	 str r3,[r0]
  48 000c 0368     	 ldr r3,[r0]
  49 000e 1143     	 orr r1,r2
  50 0010 1943     	 orr r1,r3
  51 0012 0160     	 str r1,[r0]
  52              	 
  53 0014 10BD     	 pop {r4,pc}
  55              	 .section .text.XMC_BCCU_SelectTrapInput,"ax",%progbits
  56              	 .align 1
  57              	 .global XMC_BCCU_SelectTrapInput
  58              	 .code 16
  59              	 .thumb_func
  61              	XMC_BCCU_SelectTrapInput:
  62 0000 0268     	 ldr r2,[r0]
  63 0002 044B     	 ldr r3,.L4
  64 0004 8901     	 lsl r1,r1,#6
  65 0006 1340     	 and r3,r2
  66 0008 0360     	 str r3,[r0]
  67 000a 0368     	 ldr r3,[r0]
  68              	 
  69 000c 1943     	 orr r1,r3
  70 000e 0160     	 str r1,[r0]
  71 0010 7047     	 bx lr
  72              	.L5:
  73 0012 C046     	 .align 2
  74              	.L4:
  75 0014 3FFCFFFF 	 .word -961
  77              	 .section .text.XMC_BCCU_SetTrapEdge,"ax",%progbits
  78              	 .align 1
  79              	 .global XMC_BCCU_SetTrapEdge
  80              	 .code 16
  81              	 .thumb_func
  83              	XMC_BCCU_SetTrapEdge:
  84 0000 0268     	 ldr r2,[r0]
  85 0002 044B     	 ldr r3,.L7
  86 0004 8902     	 lsl r1,r1,#10
  87 0006 1340     	 and r3,r2
  88 0008 0360     	 str r3,[r0]
  89 000a 0368     	 ldr r3,[r0]
  90              	 
  91 000c 1943     	 orr r1,r3
  92 000e 0160     	 str r1,[r0]
  93 0010 7047     	 bx lr
  94              	.L8:
  95 0012 C046     	 .align 2
  96              	.L7:
  97 0014 FFFBFFFF 	 .word -1025
  99              	 .section .text.XMC_BCCU_ConfigSuspendMode,"ax",%progbits
 100              	 .align 1
 101              	 .global XMC_BCCU_ConfigSuspendMode
 102              	 .code 16
 103              	 .thumb_func
 105              	XMC_BCCU_ConfigSuspendMode:
 106 0000 3022     	 mov r2,#48
 107 0002 0368     	 ldr r3,[r0]
 108 0004 0901     	 lsl r1,r1,#4
 109 0006 9343     	 bic r3,r2
 110 0008 0360     	 str r3,[r0]
 111 000a 0368     	 ldr r3,[r0]
 112              	 
 113 000c 1943     	 orr r1,r3
 114 000e 0160     	 str r1,[r0]
 115 0010 7047     	 bx lr
 117              	 .section .text.XMC_BCCU_SetFlickerWDThreshold,"ax",%progbits
 118              	 .align 1
 119              	 .global XMC_BCCU_SetFlickerWDThreshold
 120              	 .code 16
 121              	 .thumb_func
 123              	XMC_BCCU_SetFlickerWDThreshold:
 124 0000 0268     	 ldr r2,[r0]
 125 0002 044B     	 ldr r3,.L11
 126 0004 0904     	 lsl r1,r1,#16
 127 0006 1340     	 and r3,r2
 128 0008 0360     	 str r3,[r0]
 129 000a 0368     	 ldr r3,[r0]
 130              	 
 131 000c 1943     	 orr r1,r3
 132 000e 0160     	 str r1,[r0]
 133 0010 7047     	 bx lr
 134              	.L12:
 135 0012 C046     	 .align 2
 136              	.L11:
 137 0014 FFFF00F0 	 .word -268369921
 139              	 .section .text.XMC_BCCU_SetFastClockPrescaler,"ax",%progbits
 140              	 .align 1
 141              	 .global XMC_BCCU_SetFastClockPrescaler
 142              	 .code 16
 143              	 .thumb_func
 145              	XMC_BCCU_SetFastClockPrescaler:
 146 0000 4368     	 ldr r3,[r0,#4]
 147              	 
 148 0002 1B0B     	 lsr r3,r3,#12
 149 0004 1B03     	 lsl r3,r3,#12
 150 0006 4360     	 str r3,[r0,#4]
 151 0008 4368     	 ldr r3,[r0,#4]
 152 000a 1943     	 orr r1,r3
 153 000c 4160     	 str r1,[r0,#4]
 154 000e 7047     	 bx lr
 156              	 .section .text.XMC_BCCU_SetDimClockPrescaler,"ax",%progbits
 157              	 .align 1
 158              	 .global XMC_BCCU_SetDimClockPrescaler
 159              	 .code 16
 160              	 .thumb_func
 162              	XMC_BCCU_SetDimClockPrescaler:
 163 0000 4268     	 ldr r2,[r0,#4]
 164 0002 044B     	 ldr r3,.L15
 165 0004 0904     	 lsl r1,r1,#16
 166 0006 1340     	 and r3,r2
 167 0008 4360     	 str r3,[r0,#4]
 168 000a 4368     	 ldr r3,[r0,#4]
 169              	 
 170 000c 1943     	 orr r1,r3
 171 000e 4160     	 str r1,[r0,#4]
 172 0010 7047     	 bx lr
 173              	.L16:
 174 0012 C046     	 .align 2
 175              	.L15:
 176 0014 FFFF00F0 	 .word -268369921
 178              	 .section .text.XMC_BCCU_SelectBitClock,"ax",%progbits
 179              	 .align 1
 180              	 .global XMC_BCCU_SelectBitClock
 181              	 .code 16
 182              	 .thumb_func
 184              	XMC_BCCU_SelectBitClock:
 185 0000 4268     	 ldr r2,[r0,#4]
 186 0002 044B     	 ldr r3,.L18
 187 0004 C903     	 lsl r1,r1,#15
 188 0006 1340     	 and r3,r2
 189 0008 4360     	 str r3,[r0,#4]
 190 000a 4368     	 ldr r3,[r0,#4]
 191              	 
 192 000c 1943     	 orr r1,r3
 193 000e 4160     	 str r1,[r0,#4]
 194 0010 7047     	 bx lr
 195              	.L19:
 196 0012 C046     	 .align 2
 197              	.L18:
 198 0014 FF7FFFFF 	 .word -32769
 200              	 .section .text.XMC_BCCU_ConcurrentEnableChannels,"ax",%progbits
 201              	 .align 1
 202              	 .global XMC_BCCU_ConcurrentEnableChannels
 203              	 .code 16
 204              	 .thumb_func
 206              	XMC_BCCU_ConcurrentEnableChannels:
 207 0000 C368     	 ldr r3,[r0,#12]
 208              	 
 209 0002 1943     	 orr r1,r3
 210 0004 C160     	 str r1,[r0,#12]
 211 0006 7047     	 bx lr
 213              	 .section .text.XMC_BCCU_ConcurrentDisableChannels,"ax",%progbits
 214              	 .align 1
 215              	 .global XMC_BCCU_ConcurrentDisableChannels
 216              	 .code 16
 217              	 .thumb_func
 219              	XMC_BCCU_ConcurrentDisableChannels:
 220 0000 C368     	 ldr r3,[r0,#12]
 221              	 
 222 0002 8B43     	 bic r3,r1
 223 0004 C360     	 str r3,[r0,#12]
 224 0006 7047     	 bx lr
 226              	 .section .text.XMC_BCCU_ConcurrentSetOutputPassiveLevel,"ax",%progbits
 227              	 .align 1
 228              	 .global XMC_BCCU_ConcurrentSetOutputPassiveLevel
 229              	 .code 16
 230              	 .thumb_func
 232              	XMC_BCCU_ConcurrentSetOutputPassiveLevel:
 233 0000 0369     	 ldr r3,[r0,#16]
 234              	 
 235 0002 8B43     	 bic r3,r1
 236 0004 5143     	 mul r1,r2
 237 0006 0361     	 str r3,[r0,#16]
 238 0008 0369     	 ldr r3,[r0,#16]
 239 000a 1943     	 orr r1,r3
 240 000c 0161     	 str r1,[r0,#16]
 241 000e 7047     	 bx lr
 243              	 .section .text.XMC_BCCU_ConcurrentEnableTrap,"ax",%progbits
 244              	 .align 1
 245              	 .global XMC_BCCU_ConcurrentEnableTrap
 246              	 .code 16
 247              	 .thumb_func
 249              	XMC_BCCU_ConcurrentEnableTrap:
 250 0000 0369     	 ldr r3,[r0,#16]
 251 0002 0904     	 lsl r1,r1,#16
 252 0004 1943     	 orr r1,r3
 253 0006 0161     	 str r1,[r0,#16]
 254              	 
 255 0008 7047     	 bx lr
 257              	 .section .text.XMC_BCCU_ConcurrentDisableTrap,"ax",%progbits
 258              	 .align 1
 259              	 .global XMC_BCCU_ConcurrentDisableTrap
 260              	 .code 16
 261              	 .thumb_func
 263              	XMC_BCCU_ConcurrentDisableTrap:
 264 0000 0369     	 ldr r3,[r0,#16]
 265 0002 0904     	 lsl r1,r1,#16
 266 0004 8B43     	 bic r3,r1
 267 0006 0361     	 str r3,[r0,#16]
 268              	 
 269 0008 7047     	 bx lr
 271              	 .section .text.XMC_BCCU_ConcurrentConfigTrigger,"ax",%progbits
 272              	 .align 1
 273              	 .global XMC_BCCU_ConcurrentConfigTrigger
 274              	 .code 16
 275              	 .thumb_func
 277              	XMC_BCCU_ConcurrentConfigTrigger:
 278 0000 0D22     	 mov r2,#13
 279 0002 0368     	 ldr r3,[r0]
 280              	 
 281 0004 9343     	 bic r3,r2
 282 0006 0360     	 str r3,[r0]
 283 0008 0A78     	 ldrb r2,[r1]
 284 000a 0368     	 ldr r3,[r0]
 285 000c 1343     	 orr r3,r2
 286 000e 4A78     	 ldrb r2,[r1,#1]
 287 0010 9200     	 lsl r2,r2,#2
 288 0012 1343     	 orr r3,r2
 289 0014 0360     	 str r3,[r0]
 290 0016 8B88     	 ldrh r3,[r1,#4]
 291 0018 4A88     	 ldrh r2,[r1,#2]
 292 001a 1B04     	 lsl r3,r3,#16
 293 001c 1343     	 orr r3,r2
 294 001e 4361     	 str r3,[r0,#20]
 295 0020 7047     	 bx lr
 297              	 .section .text.XMC_BCCU_ConcurrentStartLinearWalk,"ax",%progbits
 298              	 .align 1
 299              	 .global XMC_BCCU_ConcurrentStartLinearWalk
 300              	 .code 16
 301              	 .thumb_func
 303              	XMC_BCCU_ConcurrentStartLinearWalk:
 304 0000 8369     	 ldr r3,[r0,#24]
 305              	 
 306 0002 1943     	 orr r1,r3
 307 0004 8161     	 str r1,[r0,#24]
 308 0006 7047     	 bx lr
 310              	 .section .text.XMC_BCCU_ConcurrentAbortLinearWalk,"ax",%progbits
 311              	 .align 1
 312              	 .global XMC_BCCU_ConcurrentAbortLinearWalk
 313              	 .code 16
 314              	 .thumb_func
 316              	XMC_BCCU_ConcurrentAbortLinearWalk:
 317 0000 8369     	 ldr r3,[r0,#24]
 318 0002 0904     	 lsl r1,r1,#16
 319 0004 1943     	 orr r1,r3
 320 0006 8161     	 str r1,[r0,#24]
 321              	 
 322 0008 7047     	 bx lr
 324              	 .section .text.XMC_BCCU_ConcurrentEnableDimmingEngine,"ax",%progbits
 325              	 .align 1
 326              	 .global XMC_BCCU_ConcurrentEnableDimmingEngine
 327              	 .code 16
 328              	 .thumb_func
 330              	XMC_BCCU_ConcurrentEnableDimmingEngine:
 331 0000 0162     	 str r1,[r0,#32]
 332              	 
 333 0002 7047     	 bx lr
 335              	 .section .text.XMC_BCCU_ConcurrentDisableDimmingEngine,"ax",%progbits
 336              	 .align 1
 337              	 .global XMC_BCCU_ConcurrentDisableDimmingEngine
 338              	 .code 16
 339              	 .thumb_func
 341              	XMC_BCCU_ConcurrentDisableDimmingEngine:
 342 0000 036A     	 ldr r3,[r0,#32]
 343              	 
 344 0002 8B43     	 bic r3,r1
 345 0004 0362     	 str r3,[r0,#32]
 346 0006 7047     	 bx lr
 348              	 .section .text.XMC_BCCU_ConcurrentStartDimming,"ax",%progbits
 349              	 .align 1
 350              	 .global XMC_BCCU_ConcurrentStartDimming
 351              	 .code 16
 352              	 .thumb_func
 354              	XMC_BCCU_ConcurrentStartDimming:
 355 0000 4162     	 str r1,[r0,#36]
 356              	 
 357 0002 7047     	 bx lr
 359              	 .section .text.XMC_BCCU_ConcurrentAbortDimming,"ax",%progbits
 360              	 .align 1
 361              	 .global XMC_BCCU_ConcurrentAbortDimming
 362              	 .code 16
 363              	 .thumb_func
 365              	XMC_BCCU_ConcurrentAbortDimming:
 366 0000 0904     	 lsl r1,r1,#16
 367 0002 4162     	 str r1,[r0,#36]
 368              	 
 369 0004 7047     	 bx lr
 371              	 .section .text.XMC_BCCU_SetGlobalDimmingLevel,"ax",%progbits
 372              	 .align 1
 373              	 .global XMC_BCCU_SetGlobalDimmingLevel
 374              	 .code 16
 375              	 .thumb_func
 377              	XMC_BCCU_SetGlobalDimmingLevel:
 378 0000 8162     	 str r1,[r0,#40]
 379              	 
 380 0002 7047     	 bx lr
 382              	 .section .text.XMC_BCCU_EnableChannel,"ax",%progbits
 383              	 .align 1
 384              	 .global XMC_BCCU_EnableChannel
 385              	 .code 16
 386              	 .thumb_func
 388              	XMC_BCCU_EnableChannel:
 389 0000 0122     	 mov r2,#1
 390 0002 8A40     	 lsl r2,r2,r1
 391 0004 111C     	 mov r1,r2
 392 0006 C368     	 ldr r3,[r0,#12]
 393              	 
 394 0008 1943     	 orr r1,r3
 395 000a C160     	 str r1,[r0,#12]
 396 000c 7047     	 bx lr
 398              	 .section .text.XMC_BCCU_DisableChannel,"ax",%progbits
 399              	 .align 1
 400              	 .global XMC_BCCU_DisableChannel
 401              	 .code 16
 402              	 .thumb_func
 404              	XMC_BCCU_DisableChannel:
 405 0000 0122     	 mov r2,#1
 406 0002 8A40     	 lsl r2,r2,r1
 407 0004 C368     	 ldr r3,[r0,#12]
 408              	 
 409 0006 9343     	 bic r3,r2
 410 0008 C360     	 str r3,[r0,#12]
 411 000a 7047     	 bx lr
 413              	 .section .text.XMC_BCCU_SetOutputPassiveLevel,"ax",%progbits
 414              	 .align 1
 415              	 .global XMC_BCCU_SetOutputPassiveLevel
 416              	 .code 16
 417              	 .thumb_func
 419              	XMC_BCCU_SetOutputPassiveLevel:
 420 0000 8A40     	 lsl r2,r2,r1
 421 0002 0369     	 ldr r3,[r0,#16]
 422              	 
 423 0004 1A43     	 orr r2,r3
 424 0006 0261     	 str r2,[r0,#16]
 425 0008 7047     	 bx lr
 427              	 .section .text.XMC_BCCU_EnableTrap,"ax",%progbits
 428              	 .align 1
 429              	 .global XMC_BCCU_EnableTrap
 430              	 .code 16
 431              	 .thumb_func
 433              	XMC_BCCU_EnableTrap:
 434 0000 8022     	 mov r2,#128
 435 0002 5202     	 lsl r2,r2,#9
 436 0004 8A40     	 lsl r2,r2,r1
 437 0006 111C     	 mov r1,r2
 438 0008 0369     	 ldr r3,[r0,#16]
 439              	 
 440 000a 1943     	 orr r1,r3
 441 000c 0161     	 str r1,[r0,#16]
 442 000e 7047     	 bx lr
 444              	 .section .text.XMC_BCCU_DisableTrap,"ax",%progbits
 445              	 .align 1
 446              	 .global XMC_BCCU_DisableTrap
 447              	 .code 16
 448              	 .thumb_func
 450              	XMC_BCCU_DisableTrap:
 451 0000 8022     	 mov r2,#128
 452 0002 5202     	 lsl r2,r2,#9
 453 0004 8A40     	 lsl r2,r2,r1
 454 0006 0369     	 ldr r3,[r0,#16]
 455              	 
 456 0008 9343     	 bic r3,r2
 457 000a 0361     	 str r3,[r0,#16]
 458 000c 7047     	 bx lr
 460              	 .section .text.XMC_BCCU_EnableChannelTrigger,"ax",%progbits
 461              	 .align 1
 462              	 .global XMC_BCCU_EnableChannelTrigger
 463              	 .code 16
 464              	 .thumb_func
 466              	XMC_BCCU_EnableChannelTrigger:
 467 0000 10B5     	 push {r4,lr}
 468 0002 8024     	 mov r4,#128
 469 0004 6402     	 lsl r4,r4,#9
 470 0006 8C40     	 lsl r4,r4,r1
 471 0008 4369     	 ldr r3,[r0,#20]
 472              	 
 473 000a A343     	 bic r3,r4
 474 000c 4361     	 str r3,[r0,#20]
 475 000e 0123     	 mov r3,#1
 476 0010 8B40     	 lsl r3,r3,r1
 477 0012 1031     	 add r1,r1,#16
 478 0014 8A40     	 lsl r2,r2,r1
 479 0016 4469     	 ldr r4,[r0,#20]
 480 0018 2343     	 orr r3,r4
 481 001a 1343     	 orr r3,r2
 482 001c 4361     	 str r3,[r0,#20]
 483 001e 10BD     	 pop {r4,pc}
 485              	 .section .text.XMC_BCCU_DisableChannelTrigger,"ax",%progbits
 486              	 .align 1
 487              	 .global XMC_BCCU_DisableChannelTrigger
 488              	 .code 16
 489              	 .thumb_func
 491              	XMC_BCCU_DisableChannelTrigger:
 492 0000 0122     	 mov r2,#1
 493 0002 8A40     	 lsl r2,r2,r1
 494 0004 4369     	 ldr r3,[r0,#20]
 495              	 
 496 0006 9343     	 bic r3,r2
 497 0008 4361     	 str r3,[r0,#20]
 498 000a 7047     	 bx lr
 500              	 .section .text.XMC_BCCU_CH_Init,"ax",%progbits
 501              	 .align 1
 502              	 .global XMC_BCCU_CH_Init
 503              	 .code 16
 504              	 .thumb_func
 506              	XMC_BCCU_CH_Init:
 507 0000 0B68     	 ldr r3,[r1]
 508              	 
 509 0002 8360     	 str r3,[r0,#8]
 510 0004 4B68     	 ldr r3,[r1,#4]
 511 0006 C360     	 str r3,[r0,#12]
 512 0008 8B68     	 ldr r3,[r1,#8]
 513 000a 0361     	 str r3,[r0,#16]
 514 000c 7047     	 bx lr
 516              	 .section .text.XMC_BCCU_CH_ConfigTrigger,"ax",%progbits
 517              	 .align 1
 518              	 .global XMC_BCCU_CH_ConfigTrigger
 519              	 .code 16
 520              	 .thumb_func
 522              	XMC_BCCU_CH_ConfigTrigger:
 523 0000 10B5     	 push {r4,lr}
 524 0002 054B     	 ldr r3,.L42
 525 0004 8468     	 ldr r4,[r0,#8]
 526 0006 D202     	 lsl r2,r2,#11
 527 0008 2340     	 and r3,r4
 528 000a 8360     	 str r3,[r0,#8]
 529 000c 8368     	 ldr r3,[r0,#8]
 530 000e 8902     	 lsl r1,r1,#10
 531 0010 1A43     	 orr r2,r3
 532 0012 1143     	 orr r1,r2
 533 0014 8160     	 str r1,[r0,#8]
 534              	 
 535 0016 10BD     	 pop {r4,pc}
 536              	.L43:
 537              	 .align 2
 538              	.L42:
 539 0018 FFF3FFFF 	 .word -3073
 541              	 .section .text.XMC_BCCU_CH_SetLinearWalkPrescaler,"ax",%progbits
 542              	 .align 1
 543              	 .global XMC_BCCU_CH_SetLinearWalkPrescaler
 544              	 .code 16
 545              	 .thumb_func
 547              	XMC_BCCU_CH_SetLinearWalkPrescaler:
 548 0000 8268     	 ldr r2,[r0,#8]
 549 0002 044B     	 ldr r3,.L45
 550 0004 0904     	 lsl r1,r1,#16
 551 0006 1340     	 and r3,r2
 552 0008 8360     	 str r3,[r0,#8]
 553 000a 8368     	 ldr r3,[r0,#8]
 554              	 
 555 000c 1943     	 orr r1,r3
 556 000e 8160     	 str r1,[r0,#8]
 557 0010 7047     	 bx lr
 558              	.L46:
 559 0012 C046     	 .align 2
 560              	.L45:
 561 0014 FFFF00FC 	 .word -67043329
 563              	 .section .text.XMC_BCCU_CH_SetTargetIntensity,"ax",%progbits
 564              	 .align 1
 565              	 .global XMC_BCCU_CH_SetTargetIntensity
 566              	 .code 16
 567              	 .thumb_func
 569              	XMC_BCCU_CH_SetTargetIntensity:
 570 0000 0160     	 str r1,[r0]
 571              	 
 572 0002 7047     	 bx lr
 574              	 .section .text.XMC_BCCU_CH_ReadIntensity,"ax",%progbits
 575              	 .align 1
 576              	 .global XMC_BCCU_CH_ReadIntensity
 577              	 .code 16
 578              	 .thumb_func
 580              	XMC_BCCU_CH_ReadIntensity:
 581 0000 4068     	 ldr r0,[r0,#4]
 582              	 
 583 0002 0005     	 lsl r0,r0,#20
 584 0004 000D     	 lsr r0,r0,#20
 585 0006 7047     	 bx lr
 587              	 .section .text.XMC_BCCU_CH_EnablePacker,"ax",%progbits
 588              	 .align 1
 589              	 .global XMC_BCCU_CH_EnablePacker
 590              	 .code 16
 591              	 .thumb_func
 593              	XMC_BCCU_CH_EnablePacker:
 594 0000 30B5     	 push {r4,r5,lr}
 595 0002 0F25     	 mov r5,#15
 596 0004 8468     	 ldr r4,[r0,#8]
 597 0006 1B04     	 lsl r3,r3,#16
 598 0008 AC43     	 bic r4,r5
 599 000a 8460     	 str r4,[r0,#8]
 600 000c 8468     	 ldr r4,[r0,#8]
 601 000e 1A43     	 orr r2,r3
 602 0010 2143     	 orr r1,r4
 603 0012 8160     	 str r1,[r0,#8]
 604 0014 C260     	 str r2,[r0,#12]
 605 0016 0822     	 mov r2,#8
 606 0018 8368     	 ldr r3,[r0,#8]
 607              	 
 608 001a 1343     	 orr r3,r2
 609 001c 8360     	 str r3,[r0,#8]
 610 001e 30BD     	 pop {r4,r5,pc}
 612              	 .section .text.XMC_BCCU_CH_SetPackerThreshold,"ax",%progbits
 613              	 .align 1
 614              	 .global XMC_BCCU_CH_SetPackerThreshold
 615              	 .code 16
 616              	 .thumb_func
 618              	XMC_BCCU_CH_SetPackerThreshold:
 619 0000 0722     	 mov r2,#7
 620 0002 8368     	 ldr r3,[r0,#8]
 621              	 
 622 0004 9343     	 bic r3,r2
 623 0006 8360     	 str r3,[r0,#8]
 624 0008 8368     	 ldr r3,[r0,#8]
 625 000a 1943     	 orr r1,r3
 626 000c 8160     	 str r1,[r0,#8]
 627 000e 7047     	 bx lr
 629              	 .section .text.XMC_BCCU_CH_SetPackerOffCompare,"ax",%progbits
 630              	 .align 1
 631              	 .global XMC_BCCU_CH_SetPackerOffCompare
 632              	 .code 16
 633              	 .thumb_func
 635              	XMC_BCCU_CH_SetPackerOffCompare:
 636 0000 FF22     	 mov r2,#255
 637 0002 C368     	 ldr r3,[r0,#12]
 638              	 
 639 0004 9343     	 bic r3,r2
 640 0006 C360     	 str r3,[r0,#12]
 641 0008 C368     	 ldr r3,[r0,#12]
 642 000a 1943     	 orr r1,r3
 643 000c C160     	 str r1,[r0,#12]
 644 000e 7047     	 bx lr
 646              	 .section .text.XMC_BCCU_CH_SetPackerOnCompare,"ax",%progbits
 647              	 .align 1
 648              	 .global XMC_BCCU_CH_SetPackerOnCompare
 649              	 .code 16
 650              	 .thumb_func
 652              	XMC_BCCU_CH_SetPackerOnCompare:
 653 0000 C268     	 ldr r2,[r0,#12]
 654 0002 044B     	 ldr r3,.L53
 655 0004 0904     	 lsl r1,r1,#16
 656 0006 1340     	 and r3,r2
 657 0008 C360     	 str r3,[r0,#12]
 658 000a C368     	 ldr r3,[r0,#12]
 659              	 
 660 000c 1943     	 orr r1,r3
 661 000e C160     	 str r1,[r0,#12]
 662 0010 7047     	 bx lr
 663              	.L54:
 664 0012 C046     	 .align 2
 665              	.L53:
 666 0014 FFFF00FF 	 .word -16711681
 668              	 .section .text.XMC_BCCU_CH_DisablePacker,"ax",%progbits
 669              	 .align 1
 670              	 .global XMC_BCCU_CH_DisablePacker
 671              	 .code 16
 672              	 .thumb_func
 674              	XMC_BCCU_CH_DisablePacker:
 675 0000 0822     	 mov r2,#8
 676 0002 8368     	 ldr r3,[r0,#8]
 677              	 
 678 0004 9343     	 bic r3,r2
 679 0006 8360     	 str r3,[r0,#8]
 680 0008 7047     	 bx lr
 682              	 .section .text.XMC_BCCU_CH_SetPackerOffCounter,"ax",%progbits
 683              	 .align 1
 684              	 .global XMC_BCCU_CH_SetPackerOffCounter
 685              	 .code 16
 686              	 .thumb_func
 688              	XMC_BCCU_CH_SetPackerOffCounter:
 689 0000 FF22     	 mov r2,#255
 690 0002 0369     	 ldr r3,[r0,#16]
 691              	 
 692 0004 9343     	 bic r3,r2
 693 0006 0361     	 str r3,[r0,#16]
 694 0008 0369     	 ldr r3,[r0,#16]
 695 000a 1943     	 orr r1,r3
 696 000c 0161     	 str r1,[r0,#16]
 697 000e 7047     	 bx lr
 699              	 .section .text.XMC_BCCU_CH_SetPackerOnCounter,"ax",%progbits
 700              	 .align 1
 701              	 .global XMC_BCCU_CH_SetPackerOnCounter
 702              	 .code 16
 703              	 .thumb_func
 705              	XMC_BCCU_CH_SetPackerOnCounter:
 706 0000 0269     	 ldr r2,[r0,#16]
 707 0002 044B     	 ldr r3,.L58
 708 0004 0904     	 lsl r1,r1,#16
 709 0006 1340     	 and r3,r2
 710 0008 0361     	 str r3,[r0,#16]
 711 000a 0369     	 ldr r3,[r0,#16]
 712              	 
 713 000c 1943     	 orr r1,r3
 714 000e 0161     	 str r1,[r0,#16]
 715 0010 7047     	 bx lr
 716              	.L59:
 717 0012 C046     	 .align 2
 718              	.L58:
 719 0014 FFFF00FF 	 .word -16711681
 721              	 .section .text.XMC_BCCU_CH_SelectDimEngine,"ax",%progbits
 722              	 .align 1
 723              	 .global XMC_BCCU_CH_SelectDimEngine
 724              	 .code 16
 725              	 .thumb_func
 727              	XMC_BCCU_CH_SelectDimEngine:
 728 0000 7022     	 mov r2,#112
 729 0002 8368     	 ldr r3,[r0,#8]
 730 0004 0901     	 lsl r1,r1,#4
 731 0006 9343     	 bic r3,r2
 732 0008 8360     	 str r3,[r0,#8]
 733 000a 8368     	 ldr r3,[r0,#8]
 734              	 
 735 000c 1943     	 orr r1,r3
 736 000e 8160     	 str r1,[r0,#8]
 737 0010 7047     	 bx lr
 739              	 .section .text.XMC_BCCU_CH_EnableDimmingBypass,"ax",%progbits
 740              	 .align 1
 741              	 .global XMC_BCCU_CH_EnableDimmingBypass
 742              	 .code 16
 743              	 .thumb_func
 745              	XMC_BCCU_CH_EnableDimmingBypass:
 746 0000 8022     	 mov r2,#128
 747 0002 8368     	 ldr r3,[r0,#8]
 748              	 
 749 0004 1343     	 orr r3,r2
 750 0006 8360     	 str r3,[r0,#8]
 751 0008 7047     	 bx lr
 753              	 .section .text.XMC_BCCU_CH_DisableDimmingBypass,"ax",%progbits
 754              	 .align 1
 755              	 .global XMC_BCCU_CH_DisableDimmingBypass
 756              	 .code 16
 757              	 .thumb_func
 759              	XMC_BCCU_CH_DisableDimmingBypass:
 760 0000 8022     	 mov r2,#128
 761 0002 8368     	 ldr r3,[r0,#8]
 762              	 
 763 0004 9343     	 bic r3,r2
 764 0006 8360     	 str r3,[r0,#8]
 765 0008 7047     	 bx lr
 767              	 .section .text.XMC_BCCU_DIM_Init,"ax",%progbits
 768              	 .align 1
 769              	 .global XMC_BCCU_DIM_Init
 770              	 .code 16
 771              	 .thumb_func
 773              	XMC_BCCU_DIM_Init:
 774 0000 0B68     	 ldr r3,[r1]
 775              	 
 776 0002 8360     	 str r3,[r0,#8]
 777 0004 7047     	 bx lr
 779              	 .section .text.XMC_BCCU_DIM_SetTargetDimmingLevel,"ax",%progbits
 780              	 .align 1
 781              	 .global XMC_BCCU_DIM_SetTargetDimmingLevel
 782              	 .code 16
 783              	 .thumb_func
 785              	XMC_BCCU_DIM_SetTargetDimmingLevel:
 786 0000 0160     	 str r1,[r0]
 787              	 
 788 0002 7047     	 bx lr
 790              	 .section .text.XMC_BCCU_DIM_SetDimDivider,"ax",%progbits
 791              	 .align 1
 792              	 .global XMC_BCCU_DIM_SetDimDivider
 793              	 .code 16
 794              	 .thumb_func
 796              	XMC_BCCU_DIM_SetDimDivider:
 797 0000 8368     	 ldr r3,[r0,#8]
 798              	 
 799 0002 9B0A     	 lsr r3,r3,#10
 800 0004 9B02     	 lsl r3,r3,#10
 801 0006 8360     	 str r3,[r0,#8]
 802 0008 8368     	 ldr r3,[r0,#8]
 803 000a 1943     	 orr r1,r3
 804 000c 8160     	 str r1,[r0,#8]
 805 000e 7047     	 bx lr
 807              	 .section .text.XMC_BCCU_DIM_ConfigDimCurve,"ax",%progbits
 808              	 .align 1
 809              	 .global XMC_BCCU_DIM_ConfigDimCurve
 810              	 .code 16
 811              	 .thumb_func
 813              	XMC_BCCU_DIM_ConfigDimCurve:
 814 0000 10B5     	 push {r4,lr}
 815 0002 054B     	 ldr r3,.L67
 816 0004 8468     	 ldr r4,[r0,#8]
 817 0006 0904     	 lsl r1,r1,#16
 818 0008 2340     	 and r3,r4
 819 000a 8360     	 str r3,[r0,#8]
 820 000c 8368     	 ldr r3,[r0,#8]
 821 000e 5204     	 lsl r2,r2,#17
 822 0010 0A43     	 orr r2,r1
 823 0012 1A43     	 orr r2,r3
 824 0014 8260     	 str r2,[r0,#8]
 825              	 
 826 0016 10BD     	 pop {r4,pc}
 827              	.L68:
 828              	 .align 2
 829              	.L67:
 830 0018 FFFFFCFF 	 .word -196609
 832              	 .ident "GCC: (GNU Tools for ARM Embedded Processors) 4.9.3 20141119 (release) [ARM/embedded-4_9-branch revision 218278]"
DEFINED SYMBOLS
                            *ABS*:00000000 xmc_bccu.c
    {standard input}:15     .text.XMC_BCCU_GlobalInit:00000000 $t
    {standard input}:20     .text.XMC_BCCU_GlobalInit:00000000 XMC_BCCU_GlobalInit
    {standard input}:36     .text.XMC_BCCU_ConfigGlobalTrigger:00000000 $t
    {standard input}:41     .text.XMC_BCCU_ConfigGlobalTrigger:00000000 XMC_BCCU_ConfigGlobalTrigger
    {standard input}:56     .text.XMC_BCCU_SelectTrapInput:00000000 $t
    {standard input}:61     .text.XMC_BCCU_SelectTrapInput:00000000 XMC_BCCU_SelectTrapInput
    {standard input}:75     .text.XMC_BCCU_SelectTrapInput:00000014 $d
    {standard input}:78     .text.XMC_BCCU_SetTrapEdge:00000000 $t
    {standard input}:83     .text.XMC_BCCU_SetTrapEdge:00000000 XMC_BCCU_SetTrapEdge
    {standard input}:97     .text.XMC_BCCU_SetTrapEdge:00000014 $d
    {standard input}:100    .text.XMC_BCCU_ConfigSuspendMode:00000000 $t
    {standard input}:105    .text.XMC_BCCU_ConfigSuspendMode:00000000 XMC_BCCU_ConfigSuspendMode
    {standard input}:118    .text.XMC_BCCU_SetFlickerWDThreshold:00000000 $t
    {standard input}:123    .text.XMC_BCCU_SetFlickerWDThreshold:00000000 XMC_BCCU_SetFlickerWDThreshold
    {standard input}:137    .text.XMC_BCCU_SetFlickerWDThreshold:00000014 $d
    {standard input}:140    .text.XMC_BCCU_SetFastClockPrescaler:00000000 $t
    {standard input}:145    .text.XMC_BCCU_SetFastClockPrescaler:00000000 XMC_BCCU_SetFastClockPrescaler
    {standard input}:157    .text.XMC_BCCU_SetDimClockPrescaler:00000000 $t
    {standard input}:162    .text.XMC_BCCU_SetDimClockPrescaler:00000000 XMC_BCCU_SetDimClockPrescaler
    {standard input}:176    .text.XMC_BCCU_SetDimClockPrescaler:00000014 $d
    {standard input}:179    .text.XMC_BCCU_SelectBitClock:00000000 $t
    {standard input}:184    .text.XMC_BCCU_SelectBitClock:00000000 XMC_BCCU_SelectBitClock
    {standard input}:198    .text.XMC_BCCU_SelectBitClock:00000014 $d
    {standard input}:201    .text.XMC_BCCU_ConcurrentEnableChannels:00000000 $t
    {standard input}:206    .text.XMC_BCCU_ConcurrentEnableChannels:00000000 XMC_BCCU_ConcurrentEnableChannels
    {standard input}:214    .text.XMC_BCCU_ConcurrentDisableChannels:00000000 $t
    {standard input}:219    .text.XMC_BCCU_ConcurrentDisableChannels:00000000 XMC_BCCU_ConcurrentDisableChannels
    {standard input}:227    .text.XMC_BCCU_ConcurrentSetOutputPassiveLevel:00000000 $t
    {standard input}:232    .text.XMC_BCCU_ConcurrentSetOutputPassiveLevel:00000000 XMC_BCCU_ConcurrentSetOutputPassiveLevel
    {standard input}:244    .text.XMC_BCCU_ConcurrentEnableTrap:00000000 $t
    {standard input}:249    .text.XMC_BCCU_ConcurrentEnableTrap:00000000 XMC_BCCU_ConcurrentEnableTrap
    {standard input}:258    .text.XMC_BCCU_ConcurrentDisableTrap:00000000 $t
    {standard input}:263    .text.XMC_BCCU_ConcurrentDisableTrap:00000000 XMC_BCCU_ConcurrentDisableTrap
    {standard input}:272    .text.XMC_BCCU_ConcurrentConfigTrigger:00000000 $t
    {standard input}:277    .text.XMC_BCCU_ConcurrentConfigTrigger:00000000 XMC_BCCU_ConcurrentConfigTrigger
    {standard input}:298    .text.XMC_BCCU_ConcurrentStartLinearWalk:00000000 $t
    {standard input}:303    .text.XMC_BCCU_ConcurrentStartLinearWalk:00000000 XMC_BCCU_ConcurrentStartLinearWalk
    {standard input}:311    .text.XMC_BCCU_ConcurrentAbortLinearWalk:00000000 $t
    {standard input}:316    .text.XMC_BCCU_ConcurrentAbortLinearWalk:00000000 XMC_BCCU_ConcurrentAbortLinearWalk
    {standard input}:325    .text.XMC_BCCU_ConcurrentEnableDimmingEngine:00000000 $t
    {standard input}:330    .text.XMC_BCCU_ConcurrentEnableDimmingEngine:00000000 XMC_BCCU_ConcurrentEnableDimmingEngine
    {standard input}:336    .text.XMC_BCCU_ConcurrentDisableDimmingEngine:00000000 $t
    {standard input}:341    .text.XMC_BCCU_ConcurrentDisableDimmingEngine:00000000 XMC_BCCU_ConcurrentDisableDimmingEngine
    {standard input}:349    .text.XMC_BCCU_ConcurrentStartDimming:00000000 $t
    {standard input}:354    .text.XMC_BCCU_ConcurrentStartDimming:00000000 XMC_BCCU_ConcurrentStartDimming
    {standard input}:360    .text.XMC_BCCU_ConcurrentAbortDimming:00000000 $t
    {standard input}:365    .text.XMC_BCCU_ConcurrentAbortDimming:00000000 XMC_BCCU_ConcurrentAbortDimming
    {standard input}:372    .text.XMC_BCCU_SetGlobalDimmingLevel:00000000 $t
    {standard input}:377    .text.XMC_BCCU_SetGlobalDimmingLevel:00000000 XMC_BCCU_SetGlobalDimmingLevel
    {standard input}:383    .text.XMC_BCCU_EnableChannel:00000000 $t
    {standard input}:388    .text.XMC_BCCU_EnableChannel:00000000 XMC_BCCU_EnableChannel
    {standard input}:399    .text.XMC_BCCU_DisableChannel:00000000 $t
    {standard input}:404    .text.XMC_BCCU_DisableChannel:00000000 XMC_BCCU_DisableChannel
    {standard input}:414    .text.XMC_BCCU_SetOutputPassiveLevel:00000000 $t
    {standard input}:419    .text.XMC_BCCU_SetOutputPassiveLevel:00000000 XMC_BCCU_SetOutputPassiveLevel
    {standard input}:428    .text.XMC_BCCU_EnableTrap:00000000 $t
    {standard input}:433    .text.XMC_BCCU_EnableTrap:00000000 XMC_BCCU_EnableTrap
    {standard input}:445    .text.XMC_BCCU_DisableTrap:00000000 $t
    {standard input}:450    .text.XMC_BCCU_DisableTrap:00000000 XMC_BCCU_DisableTrap
    {standard input}:461    .text.XMC_BCCU_EnableChannelTrigger:00000000 $t
    {standard input}:466    .text.XMC_BCCU_EnableChannelTrigger:00000000 XMC_BCCU_EnableChannelTrigger
    {standard input}:486    .text.XMC_BCCU_DisableChannelTrigger:00000000 $t
    {standard input}:491    .text.XMC_BCCU_DisableChannelTrigger:00000000 XMC_BCCU_DisableChannelTrigger
    {standard input}:501    .text.XMC_BCCU_CH_Init:00000000 $t
    {standard input}:506    .text.XMC_BCCU_CH_Init:00000000 XMC_BCCU_CH_Init
    {standard input}:517    .text.XMC_BCCU_CH_ConfigTrigger:00000000 $t
    {standard input}:522    .text.XMC_BCCU_CH_ConfigTrigger:00000000 XMC_BCCU_CH_ConfigTrigger
    {standard input}:539    .text.XMC_BCCU_CH_ConfigTrigger:00000018 $d
    {standard input}:542    .text.XMC_BCCU_CH_SetLinearWalkPrescaler:00000000 $t
    {standard input}:547    .text.XMC_BCCU_CH_SetLinearWalkPrescaler:00000000 XMC_BCCU_CH_SetLinearWalkPrescaler
    {standard input}:561    .text.XMC_BCCU_CH_SetLinearWalkPrescaler:00000014 $d
    {standard input}:564    .text.XMC_BCCU_CH_SetTargetIntensity:00000000 $t
    {standard input}:569    .text.XMC_BCCU_CH_SetTargetIntensity:00000000 XMC_BCCU_CH_SetTargetIntensity
    {standard input}:575    .text.XMC_BCCU_CH_ReadIntensity:00000000 $t
    {standard input}:580    .text.XMC_BCCU_CH_ReadIntensity:00000000 XMC_BCCU_CH_ReadIntensity
    {standard input}:588    .text.XMC_BCCU_CH_EnablePacker:00000000 $t
    {standard input}:593    .text.XMC_BCCU_CH_EnablePacker:00000000 XMC_BCCU_CH_EnablePacker
    {standard input}:613    .text.XMC_BCCU_CH_SetPackerThreshold:00000000 $t
    {standard input}:618    .text.XMC_BCCU_CH_SetPackerThreshold:00000000 XMC_BCCU_CH_SetPackerThreshold
    {standard input}:630    .text.XMC_BCCU_CH_SetPackerOffCompare:00000000 $t
    {standard input}:635    .text.XMC_BCCU_CH_SetPackerOffCompare:00000000 XMC_BCCU_CH_SetPackerOffCompare
    {standard input}:647    .text.XMC_BCCU_CH_SetPackerOnCompare:00000000 $t
    {standard input}:652    .text.XMC_BCCU_CH_SetPackerOnCompare:00000000 XMC_BCCU_CH_SetPackerOnCompare
    {standard input}:666    .text.XMC_BCCU_CH_SetPackerOnCompare:00000014 $d
    {standard input}:669    .text.XMC_BCCU_CH_DisablePacker:00000000 $t
    {standard input}:674    .text.XMC_BCCU_CH_DisablePacker:00000000 XMC_BCCU_CH_DisablePacker
    {standard input}:683    .text.XMC_BCCU_CH_SetPackerOffCounter:00000000 $t
    {standard input}:688    .text.XMC_BCCU_CH_SetPackerOffCounter:00000000 XMC_BCCU_CH_SetPackerOffCounter
    {standard input}:700    .text.XMC_BCCU_CH_SetPackerOnCounter:00000000 $t
    {standard input}:705    .text.XMC_BCCU_CH_SetPackerOnCounter:00000000 XMC_BCCU_CH_SetPackerOnCounter
    {standard input}:719    .text.XMC_BCCU_CH_SetPackerOnCounter:00000014 $d
    {standard input}:722    .text.XMC_BCCU_CH_SelectDimEngine:00000000 $t
    {standard input}:727    .text.XMC_BCCU_CH_SelectDimEngine:00000000 XMC_BCCU_CH_SelectDimEngine
    {standard input}:740    .text.XMC_BCCU_CH_EnableDimmingBypass:00000000 $t
    {standard input}:745    .text.XMC_BCCU_CH_EnableDimmingBypass:00000000 XMC_BCCU_CH_EnableDimmingBypass
    {standard input}:754    .text.XMC_BCCU_CH_DisableDimmingBypass:00000000 $t
    {standard input}:759    .text.XMC_BCCU_CH_DisableDimmingBypass:00000000 XMC_BCCU_CH_DisableDimmingBypass
    {standard input}:768    .text.XMC_BCCU_DIM_Init:00000000 $t
    {standard input}:773    .text.XMC_BCCU_DIM_Init:00000000 XMC_BCCU_DIM_Init
    {standard input}:780    .text.XMC_BCCU_DIM_SetTargetDimmingLevel:00000000 $t
    {standard input}:785    .text.XMC_BCCU_DIM_SetTargetDimmingLevel:00000000 XMC_BCCU_DIM_SetTargetDimmingLevel
    {standard input}:791    .text.XMC_BCCU_DIM_SetDimDivider:00000000 $t
    {standard input}:796    .text.XMC_BCCU_DIM_SetDimDivider:00000000 XMC_BCCU_DIM_SetDimDivider
    {standard input}:808    .text.XMC_BCCU_DIM_ConfigDimCurve:00000000 $t
    {standard input}:813    .text.XMC_BCCU_DIM_ConfigDimCurve:00000000 XMC_BCCU_DIM_ConfigDimCurve
    {standard input}:830    .text.XMC_BCCU_DIM_ConfigDimCurve:00000018 $d

UNDEFINED SYMBOLS
XMC_SCU_CLOCK_UngatePeripheralClock
