Archive member included because of file (symbol)

C:\Workspaces\DAVE-4.4.2-64Bit\TSDZ2\NEW\Dave\Generated\PMSM_FOC\libPMSM_FOC_LIB.a(FOC_Lib_v1.2.0.o)
                              ./Dave/Generated/PMSM_FOC/pmsm_foc_control.o (FOC_Controller_LIB)
c:/dave_4-4-2_64bit_2018-02-23/dave-ide-4.4.2-64bit/eclipse/arm-gcc-49/bin/../lib/gcc/arm-none-eabi/4.9.3/armv6-m\libgcc.a(_thumb1_case_uqi.o)
                              ./Dave/Generated/PWM_SVM/pwm_svm.o (__gnu_thumb1_case_uqi)
c:/dave_4-4-2_64bit_2018-02-23/dave-ide-4.4.2-64bit/eclipse/arm-gcc-49/bin/../lib/gcc/arm-none-eabi/4.9.3/armv6-m\libgcc.a(_thumb1_case_uhi.o)
                              ./Dave/Generated/PMSM_FOC/pmsm_foc_control.o (__gnu_thumb1_case_uhi)
c:/dave_4-4-2_64bit_2018-02-23/dave-ide-4.4.2-64bit/eclipse/arm-gcc-49/bin/../lib/gcc/arm-none-eabi/4.9.3/armv6-m\libgcc.a(_muldi3.o)
                              ./Dave/Generated/PMSM_FOC/pmsm_foc.o (__aeabi_lmul)
c:/dave_4-4-2_64bit_2018-02-23/dave-ide-4.4.2-64bit/eclipse/arm-gcc-49/bin/../lib/gcc/arm-none-eabi/4.9.3/armv6-m\libgcc.a(_fixunssfsi.o)
                              ./Libraries/XMCLib/src/xmc_usic.o (__aeabi_f2uiz)
c:/dave_4-4-2_64bit_2018-02-23/dave-ide-4.4.2-64bit/eclipse/arm-gcc-49/bin/../lib/gcc/arm-none-eabi/4.9.3/armv6-m\libgcc.a(divsf3.o)
                              ./Libraries/XMCLib/src/xmc_usic.o (__aeabi_fdiv)
c:/dave_4-4-2_64bit_2018-02-23/dave-ide-4.4.2-64bit/eclipse/arm-gcc-49/bin/../lib/gcc/arm-none-eabi/4.9.3/armv6-m\libgcc.a(mulsf3.o)
                              ./Libraries/XMCLib/src/xmc_usic.o (__aeabi_fmul)
c:/dave_4-4-2_64bit_2018-02-23/dave-ide-4.4.2-64bit/eclipse/arm-gcc-49/bin/../lib/gcc/arm-none-eabi/4.9.3/armv6-m\libgcc.a(subsf3.o)
                              c:/dave_4-4-2_64bit_2018-02-23/dave-ide-4.4.2-64bit/eclipse/arm-gcc-49/bin/../lib/gcc/arm-none-eabi/4.9.3/armv6-m\libgcc.a(_fixunssfsi.o) (__aeabi_fsub)
c:/dave_4-4-2_64bit_2018-02-23/dave-ide-4.4.2-64bit/eclipse/arm-gcc-49/bin/../lib/gcc/arm-none-eabi/4.9.3/armv6-m\libgcc.a(fixsfsi.o)
                              c:/dave_4-4-2_64bit_2018-02-23/dave-ide-4.4.2-64bit/eclipse/arm-gcc-49/bin/../lib/gcc/arm-none-eabi/4.9.3/armv6-m\libgcc.a(_fixunssfsi.o) (__aeabi_f2iz)
c:/dave_4-4-2_64bit_2018-02-23/dave-ide-4.4.2-64bit/eclipse/arm-gcc-49/bin/../lib/gcc/arm-none-eabi/4.9.3/armv6-m\libgcc.a(floatunsisf.o)
                              ./Libraries/XMCLib/src/xmc_usic.o (__aeabi_ui2f)
c:/dave_4-4-2_64bit_2018-02-23/dave-ide-4.4.2-64bit/eclipse/arm-gcc-49/bin/../lib/gcc/arm-none-eabi/4.9.3/armv6-m\libgcc.a(_arm_cmpsf2.o)
                              c:/dave_4-4-2_64bit_2018-02-23/dave-ide-4.4.2-64bit/eclipse/arm-gcc-49/bin/../lib/gcc/arm-none-eabi/4.9.3/armv6-m\libgcc.a(_fixunssfsi.o) (__aeabi_fcmpge)
c:/dave_4-4-2_64bit_2018-02-23/dave-ide-4.4.2-64bit/eclipse/arm-gcc-49/bin/../lib/gcc/arm-none-eabi/4.9.3/armv6-m\libgcc.a(_clzsi2.o)
                              c:/dave_4-4-2_64bit_2018-02-23/dave-ide-4.4.2-64bit/eclipse/arm-gcc-49/bin/../lib/gcc/arm-none-eabi/4.9.3/armv6-m\libgcc.a(divsf3.o) (__clzsi2)
c:/dave_4-4-2_64bit_2018-02-23/dave-ide-4.4.2-64bit/eclipse/arm-gcc-49/bin/../lib/gcc/arm-none-eabi/4.9.3/armv6-m\libgcc.a(eqsf2.o)
                              c:/dave_4-4-2_64bit_2018-02-23/dave-ide-4.4.2-64bit/eclipse/arm-gcc-49/bin/../lib/gcc/arm-none-eabi/4.9.3/armv6-m\libgcc.a(_arm_cmpsf2.o) (__eqsf2)
c:/dave_4-4-2_64bit_2018-02-23/dave-ide-4.4.2-64bit/eclipse/arm-gcc-49/bin/../lib/gcc/arm-none-eabi/4.9.3/armv6-m\libgcc.a(gesf2.o)
                              c:/dave_4-4-2_64bit_2018-02-23/dave-ide-4.4.2-64bit/eclipse/arm-gcc-49/bin/../lib/gcc/arm-none-eabi/4.9.3/armv6-m\libgcc.a(_arm_cmpsf2.o) (__gesf2)
c:/dave_4-4-2_64bit_2018-02-23/dave-ide-4.4.2-64bit/eclipse/arm-gcc-49/bin/../lib/gcc/arm-none-eabi/4.9.3/armv6-m\libgcc.a(lesf2.o)
                              c:/dave_4-4-2_64bit_2018-02-23/dave-ide-4.4.2-64bit/eclipse/arm-gcc-49/bin/../lib/gcc/arm-none-eabi/4.9.3/armv6-m\libgcc.a(_arm_cmpsf2.o) (__lesf2)
c:/dave_4-4-2_64bit_2018-02-23/dave-ide-4.4.2-64bit/eclipse/arm-gcc-49/bin/../lib/gcc/arm-none-eabi/4.9.3/../../../../arm-none-eabi/lib/armv6-m\libc_nano.a(lib_a-errno.o)
                              ./Libraries/Newlib/syscalls.o (__errno)
c:/dave_4-4-2_64bit_2018-02-23/dave-ide-4.4.2-64bit/eclipse/arm-gcc-49/bin/../lib/gcc/arm-none-eabi/4.9.3/../../../../arm-none-eabi/lib/armv6-m\libc_nano.a(lib_a-impure.o)
                              c:/dave_4-4-2_64bit_2018-02-23/dave-ide-4.4.2-64bit/eclipse/arm-gcc-49/bin/../lib/gcc/arm-none-eabi/4.9.3/../../../../arm-none-eabi/lib/armv6-m\libc_nano.a(lib_a-errno.o) (_impure_ptr)
c:/dave_4-4-2_64bit_2018-02-23/dave-ide-4.4.2-64bit/eclipse/arm-gcc-49/bin/../lib/gcc/arm-none-eabi/4.9.3/../../../../arm-none-eabi/lib/armv6-m\libc_nano.a(lib_a-init.o)
                              ./Startup/startup_XMC1300.o (__libc_init_array)
[...]
Memory Configuration

Name             Origin             Length             Attributes
FLASH            0x10001000         0x00010000         xr
SRAM             0x20000000         0x00004000         !xr
*default*        0x00000000         0xffffffff

Linker script and memory map

LOAD ./Startup/startup_XMC1300.o
LOAD ./Startup/system_XMC1300.o
LOAD ./Libraries/XMCLib/src/xmc1_eru.o
LOAD ./Libraries/XMCLib/src/xmc1_flash.o
LOAD ./Libraries/XMCLib/src/xmc1_gpio.o
LOAD ./Libraries/XMCLib/src/xmc1_rtc.o
LOAD ./Libraries/XMCLib/src/xmc1_scu.o
LOAD ./Libraries/XMCLib/src/xmc_acmp.o
LOAD ./Libraries/XMCLib/src/xmc_bccu.o
LOAD ./Libraries/XMCLib/src/xmc_can.o
LOAD ./Libraries/XMCLib/src/xmc_ccu4.o
LOAD ./Libraries/XMCLib/src/xmc_ccu8.o
LOAD ./Libraries/XMCLib/src/xmc_common.o
LOAD ./Libraries/XMCLib/src/xmc_eru.o
LOAD ./Libraries/XMCLib/src/xmc_gpio.o
LOAD ./Libraries/XMCLib/src/xmc_i2c.o
LOAD ./Libraries/XMCLib/src/xmc_i2s.o
LOAD ./Libraries/XMCLib/src/xmc_ledts.o
LOAD ./Libraries/XMCLib/src/xmc_math.o
LOAD ./Libraries/XMCLib/src/xmc_pau.o
LOAD ./Libraries/XMCLib/src/xmc_posif.o
LOAD ./Libraries/XMCLib/src/xmc_prng.o
LOAD ./Libraries/XMCLib/src/xmc_rtc.o
LOAD ./Libraries/XMCLib/src/xmc_spi.o
LOAD ./Libraries/XMCLib/src/xmc_uart.o
LOAD ./Libraries/XMCLib/src/xmc_usic.o
LOAD ./Libraries/XMCLib/src/xmc_vadc.o
LOAD ./Libraries/XMCLib/src/xmc_wdt.o
LOAD ./Libraries/Newlib/syscalls.o
LOAD ./Dave/Generated/UART/uart.o
LOAD ./Dave/Generated/UART/uart_conf.o
LOAD ./Dave/Generated/PWM_SVM/pwm_svm.o
LOAD ./Dave/Generated/PWM_SVM/pwm_svm_conf.o
LOAD ./Dave/Generated/PWM_SVM/pwm_svm_table.o
LOAD ./Dave/Generated/PMSM_FOC/pmsm_foc.o
LOAD ./Dave/Generated/PMSM_FOC/pmsm_foc_conf.o
LOAD ./Dave/Generated/PMSM_FOC/pmsm_foc_control.o
LOAD ./Dave/Generated/HALL_POSIF/hall_posif.o
LOAD ./Dave/Generated/HALL_POSIF/hall_posif_conf.o
LOAD ./Dave/Generated/GLOBAL_POSIF/global_posif.o
LOAD ./Dave/Generated/GLOBAL_POSIF/global_posif_conf.o
LOAD ./Dave/Generated/GLOBAL_CCU8/global_ccu8.o
LOAD ./Dave/Generated/GLOBAL_CCU8/global_ccu8_conf.o
LOAD ./Dave/Generated/GLOBAL_CCU4/global_ccu4.o
LOAD ./Dave/Generated/GLOBAL_CCU4/global_ccu4_conf.o
LOAD ./Dave/Generated/GLOBAL_ADC/global_adc.o
LOAD ./Dave/Generated/GLOBAL_ADC/global_adc_conf.o
LOAD ./Dave/Generated/CPU_CTRL_XMC1/cpu_ctrl_xmc1.o
LOAD ./Dave/Generated/CPU_CTRL_XMC1/cpu_ctrl_xmc1_conf.o
LOAD ./Dave/Generated/CLOCK_XMC1/clock_xmc1.o
LOAD ./Dave/Generated/CLOCK_XMC1/clock_xmc1_conf.o
LOAD ./Dave/Generated/ADC_QUEUE/adc_queue.o
LOAD ./Dave/Generated/ADC_QUEUE/adc_queue_conf.o
LOAD ./Dave/Generated/DAVE.o
LOAD ./main.o
LOAD c:/dave_4-4-2_64bit_2018-02-23/dave-ide-4.4.2-64bit/eclipse/arm-gcc-49/bin/../lib/gcc/arm-none-eabi/4.9.3/../../../../arm-none-eabi/lib/armv6-m\libm.a
LOAD C:\Workspaces\DAVE-4.4.2-64Bit\TSDZ2\NEW\Dave\Generated\PMSM_FOC\libPMSM_FOC_LIB.a
START GROUP
LOAD c:/dave_4-4-2_64bit_2018-02-23/dave-ide-4.4.2-64bit/eclipse/arm-gcc-49/bin/../lib/gcc/arm-none-eabi/4.9.3/armv6-m\libgcc.a
LOAD c:/dave_4-4-2_64bit_2018-02-23/dave-ide-4.4.2-64bit/eclipse/arm-gcc-49/bin/../lib/gcc/arm-none-eabi/4.9.3/../../../../arm-none-eabi/lib/armv6-m\libc_nano.a
END GROUP
START GROUP
LOAD c:/dave_4-4-2_64bit_2018-02-23/dave-ide-4.4.2-64bit/eclipse/arm-gcc-49/bin/../lib/gcc/arm-none-eabi/4.9.3/armv6-m\libgcc.a
LOAD c:/dave_4-4-2_64bit_2018-02-23/dave-ide-4.4.2-64bit/eclipse/arm-gcc-49/bin/../lib/gcc/arm-none-eabi/4.9.3/../../../../arm-none-eabi/lib/armv6-m\libc_nano.a
LOAD c:/dave_4-4-2_64bit_2018-02-23/dave-ide-4.4.2-64bit/eclipse/arm-gcc-49/bin/../lib/gcc/arm-none-eabi/4.9.3/../../../../arm-none-eabi/lib/armv6-m\libnosys.a
END GROUP
START GROUP
LOAD c:/dave_4-4-2_64bit_2018-02-23/dave-ide-4.4.2-64bit/eclipse/arm-gcc-49/bin/../lib/gcc/arm-none-eabi/4.9.3/armv6-m\libgcc.a
LOAD c:/dave_4-4-2_64bit_2018-02-23/dave-ide-4.4.2-64bit/eclipse/arm-gcc-49/bin/../lib/gcc/arm-none-eabi/4.9.3/../../../../arm-none-eabi/lib/armv6-m\libc_nano.a
LOAD c:/dave_4-4-2_64bit_2018-02-23/dave-ide-4.4.2-64bit/eclipse/arm-gcc-49/bin/../lib/gcc/arm-none-eabi/4.9.3/../../../../arm-none-eabi/lib/armv6-m\libnosys.a
END GROUP
                0x00000400                stack_size = DEFINED (stack_size)?stack_size:0x400
                0x00000004                no_init_size = 0x4

.text           0x10001000     0x89e0
                0x10001000                sText = .
 *(.reset)
 .reset         0x10001000       0x9c ./Startup/startup_XMC1300.o
                0x10001000                __Vectors
                0x10001018                Reset_Handler
                0x10001098                USIC0_5_IRQHandler
                0x10001098                POSIF0_0_IRQHandler
                0x10001098                HardFault_Handler
                0x10001098                VADC0_G1_1_IRQHandler
                0x10001098                SysTick_Handler
                0x10001098                VADC0_C0_0_IRQHandler
                0x10001098                CCU40_2_IRQHandler
                0x10001098                SCU_0_IRQHandler
                0x10001098                ERU0_0_IRQHandler
                0x10001098                ERU0_2_IRQHandler
                0x10001098                BCCU0_0_IRQHandler
                0x10001098                ERU0_3_IRQHandler
                0x10001098                PendSV_Handler
                0x10001098                VADC0_G0_1_IRQHandler
                0x10001098                CCU40_0_IRQHandler
                0x10001098                POSIF0_1_IRQHandler
                0x10001098                VADC0_G0_0_IRQHandler
                0x10001098                MATH0_0_IRQHandler
                0x10001098                VADC0_C0_1_IRQHandler
                0x10001098                SVC_Handler
                0x10001098                USIC0_3_IRQHandler
                0x10001098                VADC0_G1_0_IRQHandler
                0x10001098                CCU40_1_IRQHandler
                0x10001098                SCU_2_IRQHandler
                0x10001098                CCU40_3_IRQHandler
                0x10001098                USIC0_4_IRQHandler
                0x10001098                SCU_1_IRQHandler
                0x10001098                ERU0_1_IRQHandler
                0x10001098                USIC0_2_IRQHandler
                0x10001098                Default_handler
 *(.text .text.* .gnu.linkonce.t.*)
 .text.SystemCoreClockUpdate
                0x1000109c       0x4c ./Startup/system_XMC1300.o
                0x1000109c                SystemCoreClockUpdate
 .text.SystemInit
                0x100010e8        0xc ./Startup/system_XMC1300.o
                0x100010e8                SystemInit
 .text.XMC_GPIO_Init
                0x100010f4       0x78 ./Libraries/XMCLib/src/xmc1_gpio.o
                0x100010f4                XMC_GPIO_Init
 .text.XMC_SCU_UnlockProtectedBits
                0x1000116c       0x14 ./Libraries/XMCLib/src/xmc1_scu.o
                0x1000116c                XMC_SCU_UnlockProtectedBits
 .text.XMC_SCU_CLOCK_UngatePeripheralClock
                0x10001180       0x28 ./Libraries/XMCLib/src/xmc1_scu.o
                0x10001180                XMC_SCU_CLOCK_UngatePeripheralClock
 .text.XMC_SCU_CLOCK_IsPeripheralClockGated
                0x100011a8       0x14 ./Libraries/XMCLib/src/xmc1_scu.o
                0x100011a8                XMC_SCU_CLOCK_IsPeripheralClockGated
 .text.XMC_SCU_CLOCK_ScaleMCLKFrequency
                0x100011bc       0xa0 ./Libraries/XMCLib/src/xmc1_scu.o
                0x100011bc                XMC_SCU_CLOCK_ScaleMCLKFrequency
 .text.XMC_SCU_CLOCK_Init
                0x1000125c       0x38 ./Libraries/XMCLib/src/xmc1_scu.o
                0x1000125c                XMC_SCU_CLOCK_Init
 .text.XMC_SCU_CLOCK_GetPeripheralClockFrequency
                0x10001294        0xc ./Libraries/XMCLib/src/xmc1_scu.o
                0x10001294                XMC_SCU_CLOCK_GetPeripheralClockFrequency
 .text.XMC_CCU4_Init
                0x100012a0       0x30 ./Libraries/XMCLib/src/xmc_ccu4.o
                0x100012a0                XMC_CCU4_Init
 .text.XMC_CCU4_SLICE_CompareInit
                0x100012d0       0x2e ./Libraries/XMCLib/src/xmc_ccu4.o
                0x100012d0                XMC_CCU4_SLICE_CompareInit
 .text.XMC_CCU4_SLICE_CaptureInit
                0x100012fe       0x20 ./Libraries/XMCLib/src/xmc_ccu4.o
                0x100012fe                XMC_CCU4_SLICE_CaptureInit
 *fill*         0x1000131e        0x2 
 .text.XMC_CCU4_SLICE_StartConfig
                0x10001320       0x28 ./Libraries/XMCLib/src/xmc_ccu4.o
                0x10001320                XMC_CCU4_SLICE_StartConfig
 .text.XMC_CCU4_SLICE_Capture1Config
                0x10001348        0xe ./Libraries/XMCLib/src/xmc_ccu4.o
                0x10001348                XMC_CCU4_SLICE_Capture1Config
 .text.XMC_CCU4_SLICE_ConfigureEvent
                0x10001356       0x56 ./Libraries/XMCLib/src/xmc_ccu4.o
                0x10001356                XMC_CCU4_SLICE_ConfigureEvent
 .text.XMC_CCU4_SLICE_SetPrescaler
                0x100013ac       0x14 ./Libraries/XMCLib/src/xmc_ccu4.o
                0x100013ac                XMC_CCU4_SLICE_SetPrescaler
 .text.XMC_CCU4_SLICE_SetInterruptNode
                0x100013c0       0x2c ./Libraries/XMCLib/src/xmc_ccu4.o
                0x100013c0                XMC_CCU4_SLICE_SetInterruptNode
 .text.XMC_CCU8_Init
                0x100013ec       0x2c ./Libraries/XMCLib/src/xmc_ccu8.o
                0x100013ec                XMC_CCU8_Init
 .text.XMC_CCU8_SLICE_CompareInit
                0x10001418       0x36 ./Libraries/XMCLib/src/xmc_ccu8.o
                0x10001418                XMC_CCU8_SLICE_CompareInit
 .text.XMC_CCU8_SLICE_SetOutPath
                0x1000144e        0xe ./Libraries/XMCLib/src/xmc_ccu8.o
                0x1000144e                XMC_CCU8_SLICE_SetOutPath
 .text.XMC_CCU8_SLICE_StartConfig
                0x1000145c       0x28 ./Libraries/XMCLib/src/xmc_ccu8.o
                0x1000145c                XMC_CCU8_SLICE_StartConfig
 .text.XMC_CCU8_SLICE_TrapConfig
                0x10001484       0x3c ./Libraries/XMCLib/src/xmc_ccu8.o
                0x10001484                XMC_CCU8_SLICE_TrapConfig
 .text.XMC_CCU8_SLICE_ConfigureEvent
                0x100014c0       0x56 ./Libraries/XMCLib/src/xmc_ccu8.o
                0x100014c0                XMC_CCU8_SLICE_ConfigureEvent
 .text.XMC_CCU8_SLICE_SetTimerPeriodMatch
                0x10001516        0x4 ./Libraries/XMCLib/src/xmc_ccu8.o
                0x10001516                XMC_CCU8_SLICE_SetTimerPeriodMatch
 .text.XMC_CCU8_SLICE_SetTimerCompareMatch
                0x1000151a        0xc ./Libraries/XMCLib/src/xmc_ccu8.o
                0x1000151a                XMC_CCU8_SLICE_SetTimerCompareMatch
 .text.XMC_CCU8_SLICE_DeadTimeInit
                0x10001526        0xe ./Libraries/XMCLib/src/xmc_ccu8.o
                0x10001526                XMC_CCU8_SLICE_DeadTimeInit
 .text.XMC_CCU8_SLICE_ConfigureStatusBitOutput
                0x10001534       0x18 ./Libraries/XMCLib/src/xmc_ccu8.o
                0x10001534                XMC_CCU8_SLICE_ConfigureStatusBitOutput
 .text.XMC_GPIO_SetHardwareControl
                0x1000154c       0x1a ./Libraries/XMCLib/src/xmc_gpio.o
                0x1000154c                XMC_GPIO_SetHardwareControl
 *fill*         0x10001566        0x2 
 .text.__aeabi_uidiv
                0x10001568       0x20 ./Libraries/XMCLib/src/xmc_math.o
                0x10001568                __aeabi_uidiv
 .text.__aeabi_idiv
                0x10001588       0x20 ./Libraries/XMCLib/src/xmc_math.o
                0x10001588                __aeabi_idiv
 .text.__aeabi_uidivmod
                0x100015a8       0x20 ./Libraries/XMCLib/src/xmc_math.o
                0x100015a8                __aeabi_uidivmod
 .text.__aeabi_idivmod
                0x100015c8       0x20 ./Libraries/XMCLib/src/xmc_math.o
                0x100015c8                __aeabi_idivmod
 .text.XMC_POSIF_Enable
                0x100015e8       0x14 ./Libraries/XMCLib/src/xmc_posif.o
                0x100015e8                XMC_POSIF_Enable
 .text.XMC_POSIF_Init
                0x100015fc       0x14 ./Libraries/XMCLib/src/xmc_posif.o
                0x100015fc                XMC_POSIF_Init
 .text.XMC_POSIF_HSC_Init
                0x10001610       0x1a ./Libraries/XMCLib/src/xmc_posif.o
                0x10001610                XMC_POSIF_HSC_Init
 .text.XMC_POSIF_SetInterruptNode
                0x1000162a       0x14 ./Libraries/XMCLib/src/xmc_posif.o
                0x1000162a                XMC_POSIF_SetInterruptNode
 *fill*         0x1000163e        0x2 
 .text.XMC_UART_CH_InitEx
                0x10001640       0x84 ./Libraries/XMCLib/src/xmc_uart.o
                0x10001640                XMC_UART_CH_InitEx
 .text.XMC_UART_CH_Transmit
                0x100016c4       0x2e ./Libraries/XMCLib/src/xmc_uart.o
                0x100016c4                XMC_UART_CH_Transmit
 .text.XMC_UART_CH_GetReceivedData
                0x100016f2       0x18 ./Libraries/XMCLib/src/xmc_uart.o
                0x100016f2                XMC_UART_CH_GetReceivedData
 .text.XMC_USIC_Enable.part.0
                0x1000170a       0x14 ./Libraries/XMCLib/src/xmc_usic.o
 *fill*         0x1000171e        0x2 
 .text.XMC_USIC_CH_Enable
                0x10001720       0x30 ./Libraries/XMCLib/src/xmc_usic.o
                0x10001720                XMC_USIC_CH_Enable
 .text.XMC_USIC_CH_SetBaudrate
                0x10001750       0x9c ./Libraries/XMCLib/src/xmc_usic.o
                0x10001750                XMC_USIC_CH_SetBaudrate
 .text.XMC_USIC_CH_SetBaudrateEx
                0x100017ec       0xb8 ./Libraries/XMCLib/src/xmc_usic.o
                0x100017ec                XMC_USIC_CH_SetBaudrateEx
 .text.XMC_USIC_CH_TXFIFO_Configure
                0x100018a4       0x28 ./Libraries/XMCLib/src/xmc_usic.o
                0x100018a4                XMC_USIC_CH_TXFIFO_Configure
 .text.XMC_USIC_CH_RXFIFO_Configure
                0x100018cc       0x30 ./Libraries/XMCLib/src/xmc_usic.o
                0x100018cc                XMC_USIC_CH_RXFIFO_Configure
 .text.XMC_USIC_CH_RXFIFO_SetSizeTriggerLimit
                0x100018fc       0x14 ./Libraries/XMCLib/src/xmc_usic.o
                0x100018fc                XMC_USIC_CH_RXFIFO_SetSizeTriggerLimit
 .text.XMC_USIC_CH_SetInterruptNodePointer
                0x10001910       0x12 ./Libraries/XMCLib/src/xmc_usic.o
                0x10001910                XMC_USIC_CH_SetInterruptNodePointer
 .text.XMC_USIC_CH_TXFIFO_SetInterruptNodePointer
                0x10001922       0x14 ./Libraries/XMCLib/src/xmc_usic.o
                0x10001922                XMC_USIC_CH_TXFIFO_SetInterruptNodePointer
 .text.XMC_USIC_CH_RXFIFO_SetInterruptNodePointer
                0x10001936       0x14 ./Libraries/XMCLib/src/xmc_usic.o
                0x10001936                XMC_USIC_CH_RXFIFO_SetInterruptNodePointer
 *fill*         0x1000194a        0x2 
 .text.XMC_VADC_GLOBAL_EnableModule
                0x1000194c       0x14 ./Libraries/XMCLib/src/xmc_vadc.o
                0x1000194c                XMC_VADC_GLOBAL_EnableModule
 .text.XMC_VADC_GLOBAL_Init
                0x10001960       0x36 ./Libraries/XMCLib/src/xmc_vadc.o
                0x10001960                XMC_VADC_GLOBAL_Init
 *fill*         0x10001996        0x2 
 .text.XMC_VADC_GLOBAL_StartupCalibration
                0x10001998       0x58 ./Libraries/XMCLib/src/xmc_vadc.o
                0x10001998                XMC_VADC_GLOBAL_StartupCalibration
 .text.XMC_VADC_GROUP_InputClassInit
                0x100019f0       0x44 ./Libraries/XMCLib/src/xmc_vadc.o
                0x100019f0                XMC_VADC_GROUP_InputClassInit
 .text.XMC_VADC_GROUP_Init
                0x10001a34       0x82 ./Libraries/XMCLib/src/xmc_vadc.o
                0x10001a34                XMC_VADC_GROUP_Init
 .text.XMC_VADC_GROUP_SetPowerMode
                0x10001ab6        0xe ./Libraries/XMCLib/src/xmc_vadc.o
                0x10001ab6                XMC_VADC_GROUP_SetPowerMode
 .text.XMC_VADC_GLOBAL_SHS_EnableAcceleratedMode
                0x10001ac4       0x1e ./Libraries/XMCLib/src/xmc_vadc.o
                0x10001ac4                XMC_VADC_GLOBAL_SHS_EnableAcceleratedMode
 *fill*         0x10001ae2        0x2 
 .text.XMC_VADC_GROUP_QueueInit
                0x10001ae4       0x60 ./Libraries/XMCLib/src/xmc_vadc.o
                0x10001ae4                XMC_VADC_GROUP_QueueInit
 .text.XMC_VADC_GROUP_QueueSetReqSrcEventInterruptNode
                0x10001b44       0x12 ./Libraries/XMCLib/src/xmc_vadc.o
                0x10001b44                XMC_VADC_GROUP_QueueSetReqSrcEventInterruptNode
 *fill*         0x10001b56        0x2 
 .text.XMC_VADC_GROUP_ChannelInit
                0x10001b58       0x70 ./Libraries/XMCLib/src/xmc_vadc.o
                0x10001b58                XMC_VADC_GROUP_ChannelInit
 .text._sbrk    0x10001bc8       0x40 ./Libraries/Newlib/syscalls.o
                0x10001bc8                _sbrk
 .text._init    0x10001c08        0x2 ./Libraries/Newlib/syscalls.o
                0x10001c08                _init
 .text.UART_lReconfigureRxFIFO
                0x10001c0a       0x1e ./Dave/Generated/UART/uart.o
 .text.UART_Init
                0x10001c28        0xa ./Dave/Generated/UART/uart.o
                0x10001c28                UART_Init
 *fill*         0x10001c32        0x2 
 .text.UART_lTransmitHandler
                0x10001c34       0x9c ./Dave/Generated/UART/uart.o
                0x10001c34                UART_lTransmitHandler
 .text.UART_lReceiveHandler
                0x10001cd0       0xac ./Dave/Generated/UART/uart.o
                0x10001cd0                UART_lReceiveHandler
 .text.UART_0_init
                0x10001d7c       0xe4 ./Dave/Generated/UART/uart_conf.o
                0x10001d7c                UART_0_init
 .text.USIC0_1_IRQHandler
                0x10001e60       0x10 ./Dave/Generated/UART/uart_conf.o
                0x10001e60                USIC0_1_IRQHandler
 .text.USIC0_0_IRQHandler
                0x10001e70       0x10 ./Dave/Generated/UART/uart_conf.o
                0x10001e70                USIC0_0_IRQHandler
 .text.PWM_SVM_lEnableEvent
                0x10001e80       0x34 ./Dave/Generated/PWM_SVM/pwm_svm.o
                0x10001e80                PWM_SVM_lEnableEvent
 .text.PWM_SVM_InverterDisable
                0x10001eb4       0x26 ./Dave/Generated/PWM_SVM/pwm_svm.o
                0x10001eb4                PWM_SVM_InverterDisable
 .text.PWM_SVM_InverterEnable
                0x10001eda       0x28 ./Dave/Generated/PWM_SVM/pwm_svm.o
                0x10001eda                PWM_SVM_InverterEnable
 .text.PWM_SVM_lCurrentTrigSliceInit
                0x10001f02       0xc8 ./Dave/Generated/PWM_SVM/pwm_svm.o
                0x10001f02                PWM_SVM_lCurrentTrigSliceInit
 .text.PWM_SVM_Init
                0x10001fca      0x16e ./Dave/Generated/PWM_SVM/pwm_svm.o
                0x10001fca                PWM_SVM_Init
 .text.PWM_SVM_Start
                0x10002138      0x144 ./Dave/Generated/PWM_SVM/pwm_svm.o
                0x10002138                PWM_SVM_Start
 .text.PWM_SVM_Stop
                0x1000227c       0x94 ./Dave/Generated/PWM_SVM/pwm_svm.o
                0x1000227c                PWM_SVM_Stop
 .text.PMSM_FOC_ISRInit
                0x10002310       0x80 ./Dave/Generated/PMSM_FOC/pmsm_foc.o
 .text.PMSM_FOC_Init
                0x10002390      0x134 ./Dave/Generated/PMSM_FOC/pmsm_foc.o
                0x10002390                PMSM_FOC_Init
 .text.PMSM_FOC_MotorParamInit
                0x100024c4       0x90 ./Dave/Generated/PMSM_FOC/pmsm_foc.o
                0x100024c4                PMSM_FOC_MotorParamInit
 .text.PMSM_FOC_MotorStart
                0x10002554       0x16 ./Dave/Generated/PMSM_FOC/pmsm_foc.o
                0x10002554                PMSM_FOC_MotorStart
 .text.PMSM_FOC_MotorStop
                0x1000256a       0x28 ./Dave/Generated/PMSM_FOC/pmsm_foc.o
                0x1000256a                PMSM_FOC_MotorStop
 .text.PMSM_FOC_AmpBiasVoltCalibration
                0x10002592       0x78 ./Dave/Generated/PMSM_FOC/pmsm_foc.o
                0x10002592                PMSM_FOC_AmpBiasVoltCalibration
 *fill*         0x1000260a        0x2 
 .text.PMSM_FOC_StartPWMTimer
                0x1000260c       0x64 ./Dave/Generated/PMSM_FOC/pmsm_foc.o
                0x1000260c                PMSM_FOC_StartPWMTimer
 .text.PMSM_FOC_StopPWMTimer
                0x10002670       0x14 ./Dave/Generated/PMSM_FOC/pmsm_foc.o
                0x10002670                PMSM_FOC_StopPWMTimer
 .text.PMSM_FOC_BootstrapConfiguration
                0x10002684       0x50 ./Dave/Generated/PMSM_FOC/pmsm_foc.o
                0x10002684                PMSM_FOC_BootstrapConfiguration
 .text.PMSM_FOC_Bootstrap
                0x100026d4       0xb4 ./Dave/Generated/PMSM_FOC/pmsm_foc.o
                0x100026d4                PMSM_FOC_Bootstrap
 .text.PMSM_FOC_Vf_Open_Loop
                0x10002788       0xb0 ./Dave/Generated/PMSM_FOC/pmsm_foc.o
                0x10002788                PMSM_FOC_Vf_Open_Loop
 .text.PMSM_FOC_Controller_Init_OnceOnly
                0x10002838       0x2c ./Dave/Generated/PMSM_FOC/pmsm_foc.o
                0x10002838                PMSM_FOC_Controller_Init_OnceOnly
 .text.PMSM_FOC_Vf_RampUp
                0x10002864      0x14c ./Dave/Generated/PMSM_FOC/pmsm_foc.o
                0x10002864                PMSM_FOC_Vf_RampUp
 .text.PMSM_FOC_Transition_to_FOC
                0x100029b0       0x36 ./Dave/Generated/PMSM_FOC/pmsm_foc.o
                0x100029b0                PMSM_FOC_Transition_to_FOC
 .text.PMSM_FOC_METTransition
                0x100029e6       0x42 ./Dave/Generated/PMSM_FOC/pmsm_foc.o
                0x100029e6                PMSM_FOC_METTransition
 .text.PMSM_FOC_Rotor_Pre_Positioning
                0x10002a28       0x8c ./Dave/Generated/PMSM_FOC/pmsm_foc.o
                0x10002a28                PMSM_FOC_Rotor_Pre_Positioning
 .text.HALL_POSIF_Init
                0x10002ab4      0x1cc ./Dave/Generated/HALL_POSIF/hall_posif.o
                0x10002ab4                HALL_POSIF_Init
 .text.GLOBAL_POSIF_Init
                0x10002c80       0x26 ./Dave/Generated/GLOBAL_POSIF/global_posif.o
                0x10002c80                GLOBAL_POSIF_Init
 .text.GLOBAL_CCU8_Init
                0x10002ca6       0x22 ./Dave/Generated/GLOBAL_CCU8/global_ccu8.o
                0x10002ca6                GLOBAL_CCU8_Init
 .text.GLOBAL_CCU4_Init
                0x10002cc8       0x22 ./Dave/Generated/GLOBAL_CCU4/global_ccu4.o
                0x10002cc8                GLOBAL_CCU4_Init
 *fill*         0x10002cea        0x2 
 .text.GLOBAL_ADC_Init
                0x10002cec       0x94 ./Dave/Generated/GLOBAL_ADC/global_adc.o
                0x10002cec                GLOBAL_ADC_Init
 .text.SystemCoreSetup
                0x10002d80        0x2 ./Dave/Generated/CPU_CTRL_XMC1/cpu_ctrl_xmc1_conf.o
                0x10002d80                SystemCoreSetup
 .text.CLOCK_XMC1_Init
                0x10002d82        0xe ./Dave/Generated/CLOCK_XMC1/clock_xmc1.o
                0x10002d82                CLOCK_XMC1_Init
 .text.SystemCoreClockSetup
                0x10002d90       0x1c ./Dave/Generated/CLOCK_XMC1/clock_xmc1_conf.o
                0x10002d90                SystemCoreClockSetup
 .text.ADC_QUEUE_ResetListContents
                0x10002dac       0x38 ./Dave/Generated/ADC_QUEUE/adc_queue.o
                0x10002dac                ADC_QUEUE_ResetListContents
 .text.ADC_QUEUE_Init
                0x10002de4       0xdc ./Dave/Generated/ADC_QUEUE/adc_queue.o
                0x10002de4                ADC_QUEUE_Init
 .text.ADC_QUEUE_InsertQueueEntry
                0x10002ec0       0x70 ./Dave/Generated/ADC_QUEUE/adc_queue.o
                0x10002ec0                ADC_QUEUE_InsertQueueEntry
 .text.ADC_QUEUE_AllEntriesInserted
                0x10002f30       0x70 ./Dave/Generated/ADC_QUEUE/adc_queue.o
                0x10002f30                ADC_QUEUE_AllEntriesInserted
 .text.ADC_QUEUE_lInitializeListToDefaults
                0x10002fa0       0x20 ./Dave/Generated/ADC_QUEUE/adc_queue_conf.o
                0x10002fa0                ADC_QUEUE_lInitializeListToDefaults
 .text.DAVE_Init
                0x10002fc0       0x38 ./Dave/Generated/DAVE.o
                0x10002fc0                DAVE_Init
 .text.startup.main
                0x10002ff8       0x18 ./main.o
                0x10002ff8                main
 .text.Init_Smooth_Transition_To_FOC
                0x10003010       0xe0 C:\Workspaces\DAVE-4.4.2-64Bit\TSDZ2\NEW\Dave\Generated\PMSM_FOC\libPMSM_FOC_LIB.a(FOC_Lib_v1.2.0.o)
                0x10003010                Init_Smooth_Transition_To_FOC
 .text.VF_Smooth_Transition_To_FOC
                0x100030f0       0xbc C:\Workspaces\DAVE-4.4.2-64Bit\TSDZ2\NEW\Dave\Generated\PMSM_FOC\libPMSM_FOC_LIB.a(FOC_Lib_v1.2.0.o)
                0x100030f0                VF_Smooth_Transition_To_FOC
 .text.Init_FOC_RotorAngle
                0x100031ac       0x20 C:\Workspaces\DAVE-4.4.2-64Bit\TSDZ2\NEW\Dave\Generated\PMSM_FOC\libPMSM_FOC_LIB.a(FOC_Lib_v1.2.0.o)
                0x100031ac                Init_FOC_RotorAngle
 .text.Init_FOC_PI_Iks
                0x100031cc       0x58 C:\Workspaces\DAVE-4.4.2-64Bit\TSDZ2\NEW\Dave\Generated\PMSM_FOC\libPMSM_FOC_LIB.a(FOC_Lib_v1.2.0.o)
                0x100031cc                Init_FOC_PI_Iks
 .text          0x10003224       0x14 c:/dave_4-4-2_64bit_2018-02-23/dave-ide-4.4.2-64bit/eclipse/arm-gcc-49/bin/../lib/gcc/arm-none-eabi/4.9.3/armv6-m\libgcc.a(_thumb1_case_uqi.o)
                0x10003224                __gnu_thumb1_case_uqi
 .text          0x10003238       0x14 c:/dave_4-4-2_64bit_2018-02-23/dave-ide-4.4.2-64bit/eclipse/arm-gcc-49/bin/../lib/gcc/arm-none-eabi/4.9.3/armv6-m\libgcc.a(_thumb1_case_uhi.o)
                0x10003238                __gnu_thumb1_case_uhi
 .text          0x1000324c       0x3c c:/dave_4-4-2_64bit_2018-02-23/dave-ide-4.4.2-64bit/eclipse/arm-gcc-49/bin/../lib/gcc/arm-none-eabi/4.9.3/armv6-m\libgcc.a(_clzsi2.o)
                0x1000324c                __clzsi2
 .text.__errno  0x10003288        0xc c:/dave_4-4-2_64bit_2018-02-23/dave-ide-4.4.2-64bit/eclipse/arm-gcc-49/bin/../lib/gcc/arm-none-eabi/4.9.3/../../../../arm-none-eabi/lib/armv6-m\libc_nano.a(lib_a-errno.o)
                0x10003288                __errno
 .text.__libc_init_array
                0x10003294       0x4c c:/dave_4-4-2_64bit_2018-02-23/dave-ide-4.4.2-64bit/eclipse/arm-gcc-49/bin/../lib/gcc/arm-none-eabi/4.9.3/../../../../arm-none-eabi/lib/armv6-m\libc_nano.a(lib_a-init.o)
                0x10003294                __libc_init_array
 .text.memcpy   0x100032e0       0x12 c:/dave_4-4-2_64bit_2018-02-23/dave-ide-4.4.2-64bit/eclipse/arm-gcc-49/bin/../lib/gcc/arm-none-eabi/4.9.3/../../../../arm-none-eabi/lib/armv6-m\libc_nano.a(lib_a-memcpy.o)
                0x100032e0                memcpy
 .text.memset   0x100032f2       0x10 c:/dave_4-4-2_64bit_2018-02-23/dave-ide-4.4.2-64bit/eclipse/arm-gcc-49/bin/../lib/gcc/arm-none-eabi/4.9.3/../../../../arm-none-eabi/lib/armv6-m\libc_nano.a(lib_a-memset.o)
                0x100032f2                memset
 .text.__cvt    0x10003302       0xc8 c:/dave_4-4-2_64bit_2018-02-23/dave-ide-4.4.2-64bit/eclipse/arm-gcc-49/bin/../lib/gcc/arm-none-eabi/4.9.3/../../../../arm-none-eabi/lib/armv6-m\libc_nano.a(lib_a-nano-vfprintf_float.o)
                0x10003302                __cvt
 .text.__exponent
                0x100033ca       0x62 c:/dave_4-4-2_64bit_2018-02-23/dave-ide-4.4.2-64bit/eclipse/arm-gcc-49/bin/../lib/gcc/arm-none-eabi/4.9.3/../../../../arm-none-eabi/lib/armv6-m\libc_nano.a(lib_a-nano-vfprintf_float.o)
                0x100033ca                __exponent
 .text._printf_float
                0x1000342c      0x470 c:/dave_4-4-2_64bit_2018-02-23/dave-ide-4.4.2-64bit/eclipse/arm-gcc-49/bin/../lib/gcc/arm-none-eabi/4.9.3/../../../../arm-none-eabi/lib/armv6-m\libc_nano.a(lib_a-nano-vfprintf_float.o)
                0x1000342c                _printf_float
 .text._printf_common
                0x1000389c       0xdc c:/dave_4-4-2_64bit_2018-02-23/dave-ide-4.4.2-64bit/eclipse/arm-gcc-49/bin/../lib/gcc/arm-none-eabi/4.9.3/../../../../arm-none-eabi/lib/armv6-m\libc_nano.a(lib_a-nano-vfprintf_i.o)
                0x1000389c                _printf_common
 .text._printf_i
                0x10003978      0x230 c:/dave_4-4-2_64bit_2018-02-23/dave-ide-4.4.2-64bit/eclipse/arm-gcc-49/bin/../lib/gcc/arm-none-eabi/4.9.3/../../../../arm-none-eabi/lib/armv6-m\libc_nano.a(lib_a-nano-vfprintf_i.o)
                0x10003978                _printf_i
 .text._scanf_float
                0x10003ba8      0x3d4 c:/dave_4-4-2_64bit_2018-02-23/dave-ide-4.4.2-64bit/eclipse/arm-gcc-49/bin/../lib/gcc/arm-none-eabi/4.9.3/../../../../arm-none-eabi/lib/armv6-m\libc_nano.a(lib_a-nano-vfscanf_float.o)
                0x10003ba8                _scanf_float
 .text.__fpclassifyd
                0x10003f7c       0x50 c:/dave_4-4-2_64bit_2018-02-23/dave-ide-4.4.2-64bit/eclipse/arm-gcc-49/bin/../lib/gcc/arm-none-eabi/4.9.3/../../../../arm-none-eabi/lib/armv6-m\libc_nano.a(lib_a-s_fpclassify.o)
                0x10003f7c                __fpclassifyd
 .text.nanf     0x10003fcc        0x8 c:/dave_4-4-2_64bit_2018-02-23/dave-ide-4.4.2-64bit/eclipse/arm-gcc-49/bin/../lib/gcc/arm-none-eabi/4.9.3/../../../../arm-none-eabi/lib/armv6-m\libc_nano.a(lib_a-sf_nan.o)
                0x10003fcc                nanf
 .text.sprintf  0x10003fd4       0x44 c:/dave_4-4-2_64bit_2018-02-23/dave-ide-4.4.2-64bit/eclipse/arm-gcc-49/bin/../lib/gcc/arm-none-eabi/4.9.3/../../../../arm-none-eabi/lib/armv6-m\libc_nano.a(lib_a-sprintf.o)
                0x10003fd4                siprintf
                0x10003fd4                sprintf
 .text.strlen   0x10004018        0xe c:/dave_4-4-2_64bit_2018-02-23/dave-ide-4.4.2-64bit/eclipse/arm-gcc-49/bin/../lib/gcc/arm-none-eabi/4.9.3/../../../../arm-none-eabi/lib/armv6-m\libc_nano.a(lib_a-strlen.o)
                0x10004018                strlen
 .text.match    0x10004026       0x28 c:/dave_4-4-2_64bit_2018-02-23/dave-ide-4.4.2-64bit/eclipse/arm-gcc-49/bin/../lib/gcc/arm-none-eabi/4.9.3/../../../../arm-none-eabi/lib/armv6-m\libc_nano.a(lib_a-strtod.o)
 *fill*         0x1000404e        0x2 
 .text.unlikely.sulp
                0x10004050       0x2c c:/dave_4-4-2_64bit_2018-02-23/dave-ide-4.4.2-64bit/eclipse/arm-gcc-49/bin/../lib/gcc/arm-none-eabi/4.9.3/../../../../arm-none-eabi/lib/armv6-m\libc_nano.a(lib_a-strtod.o)
 .text._strtod_r
                0x1000407c      0xc34 c:/dave_4-4-2_64bit_2018-02-23/dave-ide-4.4.2-64bit/eclipse/arm-gcc-49/bin/../lib/gcc/arm-none-eabi/4.9.3/../../../../arm-none-eabi/lib/armv6-m\libc_nano.a(lib_a-strtod.o)
                0x1000407c                _strtod_r
 .text._strtol_r
                0x10004cb0      0x120 c:/dave_4-4-2_64bit_2018-02-23/dave-ide-4.4.2-64bit/eclipse/arm-gcc-49/bin/../lib/gcc/arm-none-eabi/4.9.3/../../../../arm-none-eabi/lib/armv6-m\libc_nano.a(lib_a-strtol.o)
                0x10004cb0                _strtol_r
 .text.quorem   0x10004dd0      0x10e c:/dave_4-4-2_64bit_2018-02-23/dave-ide-4.4.2-64bit/eclipse/arm-gcc-49/bin/../lib/gcc/arm-none-eabi/4.9.3/../../../../arm-none-eabi/lib/armv6-m\libc_nano.a(lib_a-dtoa.o)
 *fill*         0x10004ede        0x2 
 .text._dtoa_r  0x10004ee0      0xc00 c:/dave_4-4-2_64bit_2018-02-23/dave-ide-4.4.2-64bit/eclipse/arm-gcc-49/bin/../lib/gcc/arm-none-eabi/4.9.3/../../../../arm-none-eabi/lib/armv6-m\libc_nano.a(lib_a-dtoa.o)
                0x10004ee0                _dtoa_r
 .text.rshift   0x10005ae0       0x68 c:/dave_4-4-2_64bit_2018-02-23/dave-ide-4.4.2-64bit/eclipse/arm-gcc-49/bin/../lib/gcc/arm-none-eabi/4.9.3/../../../../arm-none-eabi/lib/armv6-m\libc_nano.a(lib_a-gdtoa-gethex.o)
 .text.__hexdig_fun
                0x10005b48       0x2a c:/dave_4-4-2_64bit_2018-02-23/dave-ide-4.4.2-64bit/eclipse/arm-gcc-49/bin/../lib/gcc/arm-none-eabi/4.9.3/../../../../arm-none-eabi/lib/armv6-m\libc_nano.a(lib_a-gdtoa-gethex.o)
                0x10005b48                __hexdig_fun
 .text.__gethex
                0x10005b72      0x448 c:/dave_4-4-2_64bit_2018-02-23/dave-ide-4.4.2-64bit/eclipse/arm-gcc-49/bin/../lib/gcc/arm-none-eabi/4.9.3/../../../../arm-none-eabi/lib/armv6-m\libc_nano.a(lib_a-gdtoa-gethex.o)
                0x10005b72                __gethex
 .text.L_shift  0x10005fba       0x24 c:/dave_4-4-2_64bit_2018-02-23/dave-ide-4.4.2-64bit/eclipse/arm-gcc-49/bin/../lib/gcc/arm-none-eabi/4.9.3/../../../../arm-none-eabi/lib/armv6-m\libc_nano.a(lib_a-gdtoa-hexnan.o)
 .text.__hexnan
                0x10005fde      0x130 c:/dave_4-4-2_64bit_2018-02-23/dave-ide-4.4.2-64bit/eclipse/arm-gcc-49/bin/../lib/gcc/arm-none-eabi/4.9.3/../../../../arm-none-eabi/lib/armv6-m\libc_nano.a(lib_a-gdtoa-hexnan.o)
                0x10005fde                __hexnan
 *fill*         0x1000610e        0x2 
 .text._localeconv_r
                0x10006110        0x8 c:/dave_4-4-2_64bit_2018-02-23/dave-ide-4.4.2-64bit/eclipse/arm-gcc-49/bin/../lib/gcc/arm-none-eabi/4.9.3/../../../../arm-none-eabi/lib/armv6-m\libc_nano.a(lib_a-locale.o)
                0x10006110                _localeconv_r
 .text.malloc   0x10006118       0x14 c:/dave_4-4-2_64bit_2018-02-23/dave-ide-4.4.2-64bit/eclipse/arm-gcc-49/bin/../lib/gcc/arm-none-eabi/4.9.3/../../../../arm-none-eabi/lib/armv6-m\libc_nano.a(lib_a-malloc.o)
                0x10006118                malloc
 .text.memchr   0x1000612c       0x16 c:/dave_4-4-2_64bit_2018-02-23/dave-ide-4.4.2-64bit/eclipse/arm-gcc-49/bin/../lib/gcc/arm-none-eabi/4.9.3/../../../../arm-none-eabi/lib/armv6-m\libc_nano.a(lib_a-memchr.o)
                0x1000612c                memchr
 .text._Balloc  0x10006142       0x70 c:/dave_4-4-2_64bit_2018-02-23/dave-ide-4.4.2-64bit/eclipse/arm-gcc-49/bin/../lib/gcc/arm-none-eabi/4.9.3/../../../../arm-none-eabi/lib/armv6-m\libc_nano.a(lib_a-mprec.o)
                0x10006142                _Balloc
 .text._Bfree   0x100061b2       0x32 c:/dave_4-4-2_64bit_2018-02-23/dave-ide-4.4.2-64bit/eclipse/arm-gcc-49/bin/../lib/gcc/arm-none-eabi/4.9.3/../../../../arm-none-eabi/lib/armv6-m\libc_nano.a(lib_a-mprec.o)
                0x100061b2                _Bfree
 .text.__multadd
                0x100061e4       0x78 c:/dave_4-4-2_64bit_2018-02-23/dave-ide-4.4.2-64bit/eclipse/arm-gcc-49/bin/../lib/gcc/arm-none-eabi/4.9.3/../../../../arm-none-eabi/lib/armv6-m\libc_nano.a(lib_a-mprec.o)
                0x100061e4                __multadd
 .text.__s2b    0x1000625c       0x80 c:/dave_4-4-2_64bit_2018-02-23/dave-ide-4.4.2-64bit/eclipse/arm-gcc-49/bin/../lib/gcc/arm-none-eabi/4.9.3/../../../../arm-none-eabi/lib/armv6-m\libc_nano.a(lib_a-mprec.o)
                0x1000625c                __s2b
 .text.__hi0bits
                0x100062dc       0x36 c:/dave_4-4-2_64bit_2018-02-23/dave-ide-4.4.2-64bit/eclipse/arm-gcc-49/bin/../lib/gcc/arm-none-eabi/4.9.3/../../../../arm-none-eabi/lib/armv6-m\libc_nano.a(lib_a-mprec.o)
                0x100062dc                __hi0bits
 .text.__lo0bits
                0x10006312       0x5e c:/dave_4-4-2_64bit_2018-02-23/dave-ide-4.4.2-64bit/eclipse/arm-gcc-49/bin/../lib/gcc/arm-none-eabi/4.9.3/../../../../arm-none-eabi/lib/armv6-m\libc_nano.a(lib_a-mprec.o)
                0x10006312                __lo0bits
 .text.__i2b    0x10006370       0x12 c:/dave_4-4-2_64bit_2018-02-23/dave-ide-4.4.2-64bit/eclipse/arm-gcc-49/bin/../lib/gcc/arm-none-eabi/4.9.3/../../../../arm-none-eabi/lib/armv6-m\libc_nano.a(lib_a-mprec.o)
                0x10006370                __i2b
 .text.__multiply
                0x10006382      0x11a c:/dave_4-4-2_64bit_2018-02-23/dave-ide-4.4.2-64bit/eclipse/arm-gcc-49/bin/../lib/gcc/arm-none-eabi/4.9.3/../../../../arm-none-eabi/lib/armv6-m\libc_nano.a(lib_a-mprec.o)
                0x10006382                __multiply
 .text.__pow5mult
                0x1000649c       0xa4 c:/dave_4-4-2_64bit_2018-02-23/dave-ide-4.4.2-64bit/eclipse/arm-gcc-49/bin/../lib/gcc/arm-none-eabi/4.9.3/../../../../arm-none-eabi/lib/armv6-m\libc_nano.a(lib_a-mprec.o)
                0x1000649c                __pow5mult
 .text.__lshift
                0x10006540       0xa4 c:/dave_4-4-2_64bit_2018-02-23/dave-ide-4.4.2-64bit/eclipse/arm-gcc-49/bin/../lib/gcc/arm-none-eabi/4.9.3/../../../../arm-none-eabi/lib/armv6-m\libc_nano.a(lib_a-mprec.o)
                0x10006540                __lshift
 .text.__mcmp   0x100065e4       0x36 c:/dave_4-4-2_64bit_2018-02-23/dave-ide-4.4.2-64bit/eclipse/arm-gcc-49/bin/../lib/gcc/arm-none-eabi/4.9.3/../../../../arm-none-eabi/lib/armv6-m\libc_nano.a(lib_a-mprec.o)
                0x100065e4                __mcmp
 .text.__mdiff  0x1000661a       0xd6 c:/dave_4-4-2_64bit_2018-02-23/dave-ide-4.4.2-64bit/eclipse/arm-gcc-49/bin/../lib/gcc/arm-none-eabi/4.9.3/../../../../arm-none-eabi/lib/armv6-m\libc_nano.a(lib_a-mprec.o)
                0x1000661a                __mdiff
 .text.__ulp    0x100066f0       0x48 c:/dave_4-4-2_64bit_2018-02-23/dave-ide-4.4.2-64bit/eclipse/arm-gcc-49/bin/../lib/gcc/arm-none-eabi/4.9.3/../../../../arm-none-eabi/lib/armv6-m\libc_nano.a(lib_a-mprec.o)
                0x100066f0                __ulp
 .text.__b2d    0x10006738       0xa4 c:/dave_4-4-2_64bit_2018-02-23/dave-ide-4.4.2-64bit/eclipse/arm-gcc-49/bin/../lib/gcc/arm-none-eabi/4.9.3/../../../../arm-none-eabi/lib/armv6-m\libc_nano.a(lib_a-mprec.o)
                0x10006738                __b2d
 .text.__d2b    0x100067dc       0xa8 c:/dave_4-4-2_64bit_2018-02-23/dave-ide-4.4.2-64bit/eclipse/arm-gcc-49/bin/../lib/gcc/arm-none-eabi/4.9.3/../../../../arm-none-eabi/lib/armv6-m\libc_nano.a(lib_a-mprec.o)
                0x100067dc                __d2b
 .text.__ratio  0x10006884       0x54 c:/dave_4-4-2_64bit_2018-02-23/dave-ide-4.4.2-64bit/eclipse/arm-gcc-49/bin/../lib/gcc/arm-none-eabi/4.9.3/../../../../arm-none-eabi/lib/armv6-m\libc_nano.a(lib_a-mprec.o)
                0x10006884                __ratio
 .text.__copybits
                0x100068d8       0x2c c:/dave_4-4-2_64bit_2018-02-23/dave-ide-4.4.2-64bit/eclipse/arm-gcc-49/bin/../lib/gcc/arm-none-eabi/4.9.3/../../../../arm-none-eabi/lib/armv6-m\libc_nano.a(lib_a-mprec.o)
                0x100068d8                __copybits
 .text.__any_on
                0x10006904       0x42 c:/dave_4-4-2_64bit_2018-02-23/dave-ide-4.4.2-64bit/eclipse/arm-gcc-49/bin/../lib/gcc/arm-none-eabi/4.9.3/../../../../arm-none-eabi/lib/armv6-m\libc_nano.a(lib_a-mprec.o)
                0x10006904                __any_on
 .text._calloc_r
                0x10006946       0x1c c:/dave_4-4-2_64bit_2018-02-23/dave-ide-4.4.2-64bit/eclipse/arm-gcc-49/bin/../lib/gcc/arm-none-eabi/4.9.3/../../../../arm-none-eabi/lib/armv6-m\libc_nano.a(lib_a-nano-callocr.o)
                0x10006946                _calloc_r
 *fill*         0x10006962        0x2 
 .text._free_r  0x10006964       0x8c c:/dave_4-4-2_64bit_2018-02-23/dave-ide-4.4.2-64bit/eclipse/arm-gcc-49/bin/../lib/gcc/arm-none-eabi/4.9.3/../../../../arm-none-eabi/lib/armv6-m\libc_nano.a(lib_a-nano-freer.o)
                0x10006964                _free_r
 .text._malloc_r
                0x100069f0       0xb0 c:/dave_4-4-2_64bit_2018-02-23/dave-ide-4.4.2-64bit/eclipse/arm-gcc-49/bin/../lib/gcc/arm-none-eabi/4.9.3/../../../../arm-none-eabi/lib/armv6-m\libc_nano.a(lib_a-nano-mallocr.o)
                0x100069f0                _malloc_r
 .text.__ssputs_r
                0x10006aa0       0xc0 c:/dave_4-4-2_64bit_2018-02-23/dave-ide-4.4.2-64bit/eclipse/arm-gcc-49/bin/../lib/gcc/arm-none-eabi/4.9.3/../../../../arm-none-eabi/lib/armv6-m\libc_nano.a(lib_a-nano-svfprintf.o)
                0x10006aa0                __ssputs_r
 .text._svfprintf_r
                0x10006b60      0x1ec c:/dave_4-4-2_64bit_2018-02-23/dave-ide-4.4.2-64bit/eclipse/arm-gcc-49/bin/../lib/gcc/arm-none-eabi/4.9.3/../../../../arm-none-eabi/lib/armv6-m\libc_nano.a(lib_a-nano-svfprintf.o)
                0x10006b60                _svfiprintf_r
                0x10006b60                _svfprintf_r
 .text._sbrk_r  0x10006d4c       0x24 c:/dave_4-4-2_64bit_2018-02-23/dave-ide-4.4.2-64bit/eclipse/arm-gcc-49/bin/../lib/gcc/arm-none-eabi/4.9.3/../../../../arm-none-eabi/lib/armv6-m\libc_nano.a(lib_a-sbrkr.o)
                0x10006d4c                _sbrk_r
 .text.strncmp  0x10006d70       0x28 c:/dave_4-4-2_64bit_2018-02-23/dave-ide-4.4.2-64bit/eclipse/arm-gcc-49/bin/../lib/gcc/arm-none-eabi/4.9.3/../../../../arm-none-eabi/lib/armv6-m\libc_nano.a(lib_a-strncmp.o)
                0x10006d70                strncmp
 .text.memmove  0x10006d98       0x28 c:/dave_4-4-2_64bit_2018-02-23/dave-ide-4.4.2-64bit/eclipse/arm-gcc-49/bin/../lib/gcc/arm-none-eabi/4.9.3/../../../../arm-none-eabi/lib/armv6-m\libc_nano.a(lib_a-memmove.o)
                0x10006d98                memmove
 .text._realloc_r
                0x10006dc0       0x4c c:/dave_4-4-2_64bit_2018-02-23/dave-ide-4.4.2-64bit/eclipse/arm-gcc-49/bin/../lib/gcc/arm-none-eabi/4.9.3/../../../../arm-none-eabi/lib/armv6-m\libc_nano.a(lib_a-nano-reallocr.o)
                0x10006dc0                _realloc_r
 .text._malloc_usable_size_r
                0x10006e0c       0x16 c:/dave_4-4-2_64bit_2018-02-23/dave-ide-4.4.2-64bit/eclipse/arm-gcc-49/bin/../lib/gcc/arm-none-eabi/4.9.3/../../../../arm-none-eabi/lib/armv6-m\libc_nano.a(lib_a-nano-msizer.o)
                0x10006e0c                _malloc_usable_size_r
 *fill*         0x10006e22        0x2 
 .text          0x10006e24       0x7c c:/dave_4-4-2_64bit_2018-02-23/dave-ide-4.4.2-64bit/eclipse/arm-gcc-49/bin/../lib/gcc/arm-none-eabi/4.9.3/armv6-m\libgcc.a(_arm_cmpdf2.o)
                0x10006e24                __aeabi_cdrcmple
                0x10006e34                __aeabi_cdcmple
                0x10006e34                __aeabi_cdcmpeq
                0x10006e44                __aeabi_dcmpeq
                0x10006e50                __aeabi_dcmplt
                0x10006e64                __aeabi_dcmple
                0x10006e78                __aeabi_dcmpgt
                0x10006e8c                __aeabi_dcmpge
 .text          0x10006ea0       0x3c c:/dave_4-4-2_64bit_2018-02-23/dave-ide-4.4.2-64bit/eclipse/arm-gcc-49/bin/../lib/gcc/arm-none-eabi/4.9.3/armv6-m\libgcc.a(_fixunsdfsi.o)
                0x10006ea0                __aeabi_d2uiz
                0x10006ea0                __fixunsdfsi
 .text          0x10006edc      0x650 c:/dave_4-4-2_64bit_2018-02-23/dave-ide-4.4.2-64bit/eclipse/arm-gcc-49/bin/../lib/gcc/arm-none-eabi/4.9.3/armv6-m\libgcc.a(adddf3.o)
                0x10006edc                __aeabi_dadd
 .text          0x1000752c      0x648 c:/dave_4-4-2_64bit_2018-02-23/dave-ide-4.4.2-64bit/eclipse/arm-gcc-49/bin/../lib/gcc/arm-none-eabi/4.9.3/armv6-m\libgcc.a(divdf3.o)
                0x1000752c                __aeabi_ddiv
 .text          0x10007b74       0x88 c:/dave_4-4-2_64bit_2018-02-23/dave-ide-4.4.2-64bit/eclipse/arm-gcc-49/bin/../lib/gcc/arm-none-eabi/4.9.3/armv6-m\libgcc.a(eqdf2.o)
                0x10007b74                __nedf2
                0x10007b74                __eqdf2
 .text          0x10007bfc       0xe0 c:/dave_4-4-2_64bit_2018-02-23/dave-ide-4.4.2-64bit/eclipse/arm-gcc-49/bin/../lib/gcc/arm-none-eabi/4.9.3/armv6-m\libgcc.a(gedf2.o)
                0x10007bfc                __gedf2
                0x10007bfc                __gtdf2
 .text          0x10007cdc       0xcc c:/dave_4-4-2_64bit_2018-02-23/dave-ide-4.4.2-64bit/eclipse/arm-gcc-49/bin/../lib/gcc/arm-none-eabi/4.9.3/armv6-m\libgcc.a(ledf2.o)
                0x10007cdc                __ledf2
                0x10007cdc                __ltdf2
 .text          0x10007da8      0x534 c:/dave_4-4-2_64bit_2018-02-23/dave-ide-4.4.2-64bit/eclipse/arm-gcc-49/bin/../lib/gcc/arm-none-eabi/4.9.3/armv6-m\libgcc.a(muldf3.o)
                0x10007da8                __aeabi_dmul
 .text          0x100082dc      0x6f4 c:/dave_4-4-2_64bit_2018-02-23/dave-ide-4.4.2-64bit/eclipse/arm-gcc-49/bin/../lib/gcc/arm-none-eabi/4.9.3/armv6-m\libgcc.a(subdf3.o)
                0x100082dc                __aeabi_dsub
 .text          0x100089d0       0x6c c:/dave_4-4-2_64bit_2018-02-23/dave-ide-4.4.2-64bit/eclipse/arm-gcc-49/bin/../lib/gcc/arm-none-eabi/4.9.3/armv6-m\libgcc.a(fixdfsi.o)
                0x100089d0                __aeabi_d2iz
 .text          0x10008a3c       0x78 c:/dave_4-4-2_64bit_2018-02-23/dave-ide-4.4.2-64bit/eclipse/arm-gcc-49/bin/../lib/gcc/arm-none-eabi/4.9.3/armv6-m\libgcc.a(floatsidf.o)
                0x10008a3c                __aeabi_i2d
 .text          0x10008ab4       0x64 c:/dave_4-4-2_64bit_2018-02-23/dave-ide-4.4.2-64bit/eclipse/arm-gcc-49/bin/../lib/gcc/arm-none-eabi/4.9.3/armv6-m\libgcc.a(floatunsidf.o)
                0x10008ab4                __aeabi_ui2d
 .text          0x10008b18      0x120 c:/dave_4-4-2_64bit_2018-02-23/dave-ide-4.4.2-64bit/eclipse/arm-gcc-49/bin/../lib/gcc/arm-none-eabi/4.9.3/armv6-m\libgcc.a(truncdfsf2.o)
                0x10008b18                __aeabi_d2f
 .text.__stub   0x10008c38       0x10 linker stubs
 *(.init)
 *(.fini)
 *crtbegin.o(.ctors)
 *crtbegin?.o(.ctors)
 *(EXCLUDE_FILE(*crtend.o *crtend?.o) .ctors)
 *(SORT(.ctors.*))
 *(.ctors)
 *crtbegin.o(.dtors)
 *crtbegin?.o(.dtors)
 *(EXCLUDE_FILE(*crtend.o *crtend?.o) .dtors)
 *(SORT(.dtors.*))
 *(.dtors)
 *(.rodata .rodata.*)
 .rodata.CSWTCH.34
                0x10008c48        0xc ./Libraries/XMCLib/src/xmc_ccu4.o
 .rodata.CSWTCH.35
                0x10008c54       0x18 ./Libraries/XMCLib/src/xmc_ccu4.o
 .rodata.UART_0_config
                0x10008c6c       0x30 ./Dave/Generated/UART/uart_conf.o
                0x10008c6c                UART_0_config
 .rodata.UART_0_rx_pin_config
                0x10008c9c        0x8 ./Dave/Generated/UART/uart_conf.o
                0x10008c9c                UART_0_rx_pin_config
 .rodata.UART_0_tx_pin
                0x10008ca4        0xc ./Dave/Generated/UART/uart_conf.o
                0x10008ca4                UART_0_tx_pin
 .rodata.UART_0_tx_pin_config
                0x10008cb0        0x8 ./Dave/Generated/UART/uart_conf.o
                0x10008cb0                UART_0_tx_pin_config
 .rodata.UART_0_channel_config
                0x10008cb8        0xc ./Dave/Generated/UART/uart_conf.o
                0x10008cb8                UART_0_channel_config
 .rodata.PWM_SVM_0_PhVLoOutPinConf
                0x10008cc4        0x8 ./Dave/Generated/PWM_SVM/pwm_svm_conf.o
                0x10008cc4                PWM_SVM_0_PhVLoOutPinConf
 .rodata.PWM_SVM_0_PhUHiOutPinConf
                0x10008ccc        0x8 ./Dave/Generated/PWM_SVM/pwm_svm_conf.o
                0x10008ccc                PWM_SVM_0_PhUHiOutPinConf
 .rodata.PWM_SVM_0_TimerInit_CurrentTrig
                0x10008cd4       0x10 ./Dave/Generated/PWM_SVM/pwm_svm_conf.o
                0x10008cd4                PWM_SVM_0_TimerInit_CurrentTrig
 .rodata.PWM_SVM_0_PhWHighPin
                0x10008ce4        0x8 ./Dave/Generated/PWM_SVM/pwm_svm_conf.o
                0x10008ce4                PWM_SVM_0_PhWHighPin
 .rodata.PWM_SVM_0_PhWLowPin
                0x10008cec        0x8 ./Dave/Generated/PWM_SVM/pwm_svm_conf.o
                0x10008cec                PWM_SVM_0_PhWLowPin
 .rodata.PWM_SVM_0_PhU
                0x10008cf4        0x8 ./Dave/Generated/PWM_SVM/pwm_svm_conf.o
                0x10008cf4                PWM_SVM_0_PhU
 .rodata.PWM_SVM_0_PhV
                0x10008cfc        0x8 ./Dave/Generated/PWM_SVM/pwm_svm_conf.o
                0x10008cfc                PWM_SVM_0_PhV
 .rodata.PWM_SVM_0_PhW
                0x10008d04        0x8 ./Dave/Generated/PWM_SVM/pwm_svm_conf.o
                0x10008d04                PWM_SVM_0_PhW
 .rodata.PWM_SVM_0_PhWHiOutPinConf
                0x10008d0c        0x8 ./Dave/Generated/PWM_SVM/pwm_svm_conf.o
                0x10008d0c                PWM_SVM_0_PhWHiOutPinConf
 .rodata.PWM_SVM_0_AppConfig
                0x10008d14       0x4c ./Dave/Generated/PWM_SVM/pwm_svm_conf.o
                0x10008d14                PWM_SVM_0_AppConfig
 .rodata.PWM_SVM_0_PhULoOutPinConf
                0x10008d60        0x8 ./Dave/Generated/PWM_SVM/pwm_svm_conf.o
                0x10008d60                PWM_SVM_0_PhULoOutPinConf
 .rodata.PWM_SVM_0_PhVHighPin
                0x10008d68        0x8 ./Dave/Generated/PWM_SVM/pwm_svm_conf.o
                0x10008d68                PWM_SVM_0_PhVHighPin
 .rodata.PWM_SVM_0_TrapConfig
                0x10008d70        0x4 ./Dave/Generated/PWM_SVM/pwm_svm_conf.o
                0x10008d70                PWM_SVM_0_TrapConfig
 .rodata.PWM_SVM_0_CurrentTrig
                0x10008d74        0x8 ./Dave/Generated/PWM_SVM/pwm_svm_conf.o
                0x10008d74                PWM_SVM_0_CurrentTrig
 .rodata.PWM_SVM_0_PhUHighPin
                0x10008d7c        0x8 ./Dave/Generated/PWM_SVM/pwm_svm_conf.o
                0x10008d7c                PWM_SVM_0_PhUHighPin
 .rodata.PWM_SVM_0_InvPinConf
                0x10008d84        0x8 ./Dave/Generated/PWM_SVM/pwm_svm_conf.o
                0x10008d84                PWM_SVM_0_InvPinConf
 .rodata.PWM_SVM_0_PhWLoOutPinConf
                0x10008d8c        0x8 ./Dave/Generated/PWM_SVM/pwm_svm_conf.o
                0x10008d8c                PWM_SVM_0_PhWLoOutPinConf
 .rodata.PWM_SVM_0_TimerInitHandle
                0x10008d94       0x10 ./Dave/Generated/PWM_SVM/pwm_svm_conf.o
                0x10008d94                PWM_SVM_0_TimerInitHandle
 .rodata.PWM_SVM_0_PhULowPin
                0x10008da4        0x8 ./Dave/Generated/PWM_SVM/pwm_svm_conf.o
                0x10008da4                PWM_SVM_0_PhULowPin
 .rodata.PWM_SVM_0_TrapPinConf
                0x10008dac        0x8 ./Dave/Generated/PWM_SVM/pwm_svm_conf.o
                0x10008dac                PWM_SVM_0_TrapPinConf
 .rodata.PWM_SVM_0_InverterPin
                0x10008db4        0x8 ./Dave/Generated/PWM_SVM/pwm_svm_conf.o
                0x10008db4                PWM_SVM_0_InverterPin
 .rodata.PWM_SVM_0_PhVHiOutPinConf
                0x10008dbc        0x8 ./Dave/Generated/PWM_SVM/pwm_svm_conf.o
                0x10008dbc                PWM_SVM_0_PhVHiOutPinConf
 .rodata.PWM_SVM_0_TrapPin
                0x10008dc4        0x8 ./Dave/Generated/PWM_SVM/pwm_svm_conf.o
                0x10008dc4                PWM_SVM_0_TrapPin
 .rodata.PWM_SVM_0_PhVLowPin
                0x10008dcc        0x8 ./Dave/Generated/PWM_SVM/pwm_svm_conf.o
                0x10008dcc                PWM_SVM_0_PhVLowPin
 .rodata.PWM_SVM_0_StartConfig
                0x10008dd4        0x4 ./Dave/Generated/PWM_SVM/pwm_svm_conf.o
                0x10008dd4                PWM_SVM_0_StartConfig
 .rodata.Sinus60_tab
                0x10008dd8      0x802 ./Dave/Generated/PWM_SVM/pwm_svm_table.o
                0x10008dd8                Sinus60_tab
 *fill*         0x100095da        0x2 
 .rodata.PI_Torque
                0x100095dc        0x4 ./Dave/Generated/PMSM_FOC/pmsm_foc_conf.o
                0x100095dc                PI_Torque
 .rodata.PMSM_FOC_0_Config
                0x100095e0       0x4c ./Dave/Generated/PMSM_FOC/pmsm_foc_conf.o
                0x100095e0                PMSM_FOC_0_Config
 .rodata.PI_Flux
                0x1000962c        0x4 ./Dave/Generated/PMSM_FOC/pmsm_foc_conf.o
                0x1000962c                PI_Flux
 .rodata.FOCOutput
                0x10009630        0x4 ./Dave/Generated/PMSM_FOC/pmsm_foc_conf.o
                0x10009630                FOCOutput
 .rodata.FOCInput
                0x10009634        0x4 ./Dave/Generated/PMSM_FOC/pmsm_foc_conf.o
                0x10009634                FOCInput
 .rodata.PI_Speed
                0x10009638        0x4 ./Dave/Generated/PMSM_FOC/pmsm_foc_conf.o
                0x10009638                PI_Speed
 .rodata.PI_PLL
                0x1000963c        0x4 ./Dave/Generated/PMSM_FOC/pmsm_foc_conf.o
                0x1000963c                PI_PLL
 .rodata.group_init_handle0
                0x10009640       0x14 ./Dave/Generated/GLOBAL_ADC/global_adc_conf.o
                0x10009640                group_init_handle0
 .rodata.group_init_handle1
                0x10009654       0x14 ./Dave/Generated/GLOBAL_ADC/global_adc_conf.o
                0x10009654                group_init_handle1
 .rodata.global_config
                0x10009668       0x18 ./Dave/Generated/GLOBAL_ADC/global_adc_conf.o
                0x10009668                global_config
 .rodata        0x10009680        0xc ./Dave/Generated/CLOCK_XMC1/clock_xmc1_conf.o
 .rodata.ADC_QUEUE_0_reqsrc_config_0
                0x1000968c       0x10 ./Dave/Generated/ADC_QUEUE/adc_queue_conf.o
                0x1000968c                ADC_QUEUE_0_reqsrc_config_0
 .rodata.ADC_QUEUE_0_init_config_0
                0x1000969c        0xc ./Dave/Generated/ADC_QUEUE/adc_queue_conf.o
                0x1000969c                ADC_QUEUE_0_init_config_0
 .rodata.str1.1
                0x100096a8        0x2 c:/dave_4-4-2_64bit_2018-02-23/dave-ide-4.4.2-64bit/eclipse/arm-gcc-49/bin/../lib/gcc/arm-none-eabi/4.9.3/../../../../arm-none-eabi/lib/armv6-m\libc_nano.a(lib_a-impure.o)
 .rodata.str1.1
                0x100096aa       0x12 c:/dave_4-4-2_64bit_2018-02-23/dave-ide-4.4.2-64bit/eclipse/arm-gcc-49/bin/../lib/gcc/arm-none-eabi/4.9.3/../../../../arm-none-eabi/lib/armv6-m\libc_nano.a(lib_a-nano-vfprintf_float.o)
 .rodata.str1.1
                0x100096bc       0x22 c:/dave_4-4-2_64bit_2018-02-23/dave-ide-4.4.2-64bit/eclipse/arm-gcc-49/bin/../lib/gcc/arm-none-eabi/4.9.3/../../../../arm-none-eabi/lib/armv6-m\libc_nano.a(lib_a-nano-vfprintf_i.o)
 .rodata.str1.1
                0x100096de        0x5 c:/dave_4-4-2_64bit_2018-02-23/dave-ide-4.4.2-64bit/eclipse/arm-gcc-49/bin/../lib/gcc/arm-none-eabi/4.9.3/../../../../arm-none-eabi/lib/armv6-m\libc_nano.a(lib_a-nano-vfscanf_float.o)
 *fill*         0x100096e3        0x1 
 .rodata.fpi.5242
                0x100096e4       0x14 c:/dave_4-4-2_64bit_2018-02-23/dave-ide-4.4.2-64bit/eclipse/arm-gcc-49/bin/../lib/gcc/arm-none-eabi/4.9.3/../../../../arm-none-eabi/lib/armv6-m\libc_nano.a(lib_a-strtod.o)
 .rodata.str1.1
                0x00000000        0x5 c:/dave_4-4-2_64bit_2018-02-23/dave-ide-4.4.2-64bit/eclipse/arm-gcc-49/bin/../lib/gcc/arm-none-eabi/4.9.3/../../../../arm-none-eabi/lib/armv6-m\libc_nano.a(lib_a-strtod.o)
                                  0xc (size before relaxing)
 .rodata.tinytens
                0x100096f8       0x28 c:/dave_4-4-2_64bit_2018-02-23/dave-ide-4.4.2-64bit/eclipse/arm-gcc-49/bin/../lib/gcc/arm-none-eabi/4.9.3/../../../../arm-none-eabi/lib/armv6-m\libc_nano.a(lib_a-strtod.o)
 .rodata.fpinan.5278
                0x10009720       0x14 c:/dave_4-4-2_64bit_2018-02-23/dave-ide-4.4.2-64bit/eclipse/arm-gcc-49/bin/../lib/gcc/arm-none-eabi/4.9.3/../../../../arm-none-eabi/lib/armv6-m\libc_nano.a(lib_a-strtod.o)
 .rodata._ctype_
                0x10009734      0x101 c:/dave_4-4-2_64bit_2018-02-23/dave-ide-4.4.2-64bit/eclipse/arm-gcc-49/bin/../lib/gcc/arm-none-eabi/4.9.3/../../../../arm-none-eabi/lib/armv6-m\libc_nano.a(lib_a-ctype_.o)
                0x10009734                _ctype_
 .rodata.str1.1
                0x10009835        0xd c:/dave_4-4-2_64bit_2018-02-23/dave-ide-4.4.2-64bit/eclipse/arm-gcc-49/bin/../lib/gcc/arm-none-eabi/4.9.3/../../../../arm-none-eabi/lib/armv6-m\libc_nano.a(lib_a-dtoa.o)
                                  0xf (size before relaxing)
 .rodata.str1.1
                0x10009842        0x8 c:/dave_4-4-2_64bit_2018-02-23/dave-ide-4.4.2-64bit/eclipse/arm-gcc-49/bin/../lib/gcc/arm-none-eabi/4.9.3/../../../../arm-none-eabi/lib/armv6-m\libc_nano.a(lib_a-locale.o)
                                  0xb (size before relaxing)
 *fill*         0x1000984a        0x6 
 .rodata.__mprec_tens
                0x10009850       0xc8 c:/dave_4-4-2_64bit_2018-02-23/dave-ide-4.4.2-64bit/eclipse/arm-gcc-49/bin/../lib/gcc/arm-none-eabi/4.9.3/../../../../arm-none-eabi/lib/armv6-m\libc_nano.a(lib_a-mprec.o)
                0x10009850                __mprec_tens
 .rodata.__mprec_bigtens
                0x10009918       0x28 c:/dave_4-4-2_64bit_2018-02-23/dave-ide-4.4.2-64bit/eclipse/arm-gcc-49/bin/../lib/gcc/arm-none-eabi/4.9.3/../../../../arm-none-eabi/lib/armv6-m\libc_nano.a(lib_a-mprec.o)
                0x10009918                __mprec_bigtens
 .rodata.p05.5277
                0x10009940        0xc c:/dave_4-4-2_64bit_2018-02-23/dave-ide-4.4.2-64bit/eclipse/arm-gcc-49/bin/../lib/gcc/arm-none-eabi/4.9.3/../../../../arm-none-eabi/lib/armv6-m\libc_nano.a(lib_a-mprec.o)
 .rodata.str1.1
                0x1000994c       0x11 c:/dave_4-4-2_64bit_2018-02-23/dave-ide-4.4.2-64bit/eclipse/arm-gcc-49/bin/../lib/gcc/arm-none-eabi/4.9.3/../../../../arm-none-eabi/lib/armv6-m\libc_nano.a(lib_a-nano-svfprintf.o)
 *fill*         0x1000995d        0x3 
 .rodata        0x10009960       0x40 c:/dave_4-4-2_64bit_2018-02-23/dave-ide-4.4.2-64bit/eclipse/arm-gcc-49/bin/../lib/gcc/arm-none-eabi/4.9.3/armv6-m\libgcc.a(divdf3.o)
 .rodata        0x100099a0       0x40 c:/dave_4-4-2_64bit_2018-02-23/dave-ide-4.4.2-64bit/eclipse/arm-gcc-49/bin/../lib/gcc/arm-none-eabi/4.9.3/armv6-m\libgcc.a(muldf3.o)
 *(.gnu.linkonce.r*)
 *(vtable)
                0x100099e0                . = ALIGN (0x4)

.glue_7         0x100099e0        0x0
 .glue_7        0x00000000        0x0 linker stubs

.glue_7t        0x100099e0        0x0
 .glue_7t       0x00000000        0x0 linker stubs

.vfp11_veneer   0x100099e0        0x0
 .vfp11_veneer  0x00000000        0x0 linker stubs

.v4_bx          0x100099e0        0x0
 .v4_bx         0x00000000        0x0 linker stubs

.iplt           0x100099e0        0x0
 .iplt          0x00000000        0x0 ./Startup/startup_XMC1300.o

.eh_frame_hdr
 *(.eh_frame_hdr)

.eh_frame       0x100099e0        0x0
 *(.eh_frame)
 .eh_frame      0x100099e0        0x0 c:/dave_4-4-2_64bit_2018-02-23/dave-ide-4.4.2-64bit/eclipse/arm-gcc-49/bin/../lib/gcc/arm-none-eabi/4.9.3/../../../../arm-none-eabi/lib/armv6-m\libc_nano.a(lib_a-strcmp.o)
                                 0x28 (size before relaxing)

.ARM.extab
 *(.ARM.extab* .gnu.linkonce.armextab.*)
                0x100099e0                . = ALIGN (0x4)
                0x100099e0                __exidx_start = .

.ARM.exidx
 *(.ARM.exidx* .gnu.linkonce.armexidx.*)
                0x100099e0                __exidx_end = .
                0x100099e0                . = ALIGN (0x4)

.VENEER_Code    0x2000000c      0x138 load address 0x100099e0
                0x2000000c                . = ALIGN (0x4)
                0x2000000c                VeneerStart = .
 *(.XmcVeneerCode)
 .XmcVeneerCode
                0x2000000c      0x138 ./Startup/startup_XMC1300.o
                0x2000000c                HardFault_Veneer
                0x2000002c                SVC_Veneer
                0x20000038                PendSV_Veneer
                0x2000003c                SysTick_Veneer
                0x20000040                SCU_0_Veneer
                0x20000044                SCU_1_Veneer
                0x20000048                SCU_2_Veneer
                0x2000004c                SCU_3_Veneer
                0x20000050                SCU_4_Veneer
                0x20000054                SCU_5_Veneer
                0x20000058                SCU_6_Veneer
                0x2000005c                MATH_Veneer
                0x20000064                USIC0_0_Veneer
                0x20000068                USIC0_1_Veneer
                0x2000006c                USIC0_2_Veneer
                0x20000070                USIC0_3_Veneer
                0x20000074                USIC0_4_Veneer
                0x20000078                USIC0_5_Veneer
                0x2000007c                VADC0_C0_0_Veneer
                0x20000080                VADC0_C0_1_Veneer
                0x20000084                VADC0_G0_0_Veneer
                0x20000088                VADC0_G0_1_Veneer
                0x2000008c                VADC0_G1_0_Veneer
                0x20000090                VADC0_G1_1_Veneer
                0x20000094                CCU40_0_Veneer
                0x20000098                CCU40_1_Veneer
                0x2000009c                CCU40_2_Veneer
                0x200000a0                CCU40_3_Veneer
                0x200000a4                CCU80_0_Veneer
                0x200000a8                CCU80_1_Veneer
                0x200000ac                POSIF0_0_Veneer
                0x200000b0                POSIF0_1_Veneer
                0x200000bc                BCCU0_0_Veneer
                0x20000144                . = ALIGN (0x4)
                0x20000144                VeneerEnd = .
                0x100099e0                eROData = LOADADDR (.VENEER_Code)
                0x00000138                VeneerSize = (ABSOLUTE (VeneerEnd) - ABSOLUTE (VeneerStart))

Stack           0x20000144      0x404 load address 0x00000000
                0x20000148                . = ALIGN (0x8)
 *fill*         0x20000144        0x4 
                0x20000548                . = (. + stack_size)
 *fill*         0x20000148      0x400 
                0x20000548                __initial_sp = .

.data           0x20000548      0x604 load address 0x10009b18
                0x20000548                . = ALIGN (0x4)
                0x20000548                __data_start = .
 *(.data)
 *(.data*)
 .data.UART_0   0x20000548        0xc ./Dave/Generated/UART/uart_conf.o
                0x20000548                UART_0
 .data.PWM_SVM_0_DeadTimeConfig
                0x20000554        0xc ./Dave/Generated/PWM_SVM/pwm_svm_conf.o
                0x20000554                PWM_SVM_0_DeadTimeConfig
 .data.PWM_SVM_0
                0x20000560       0xcc ./Dave/Generated/PWM_SVM/pwm_svm_conf.o
                0x20000560                PWM_SVM_0
 .data.PMSM_FOC_0_PI_Flux
                0x2000062c       0x28 ./Dave/Generated/PMSM_FOC/pmsm_foc_conf.o
                0x2000062c                PMSM_FOC_0_PI_Flux
 .data.PMSM_FOC_0_i_phase_uChan_InitHandle
                0x20000654       0x10 ./Dave/Generated/PMSM_FOC/pmsm_foc_conf.o
                0x20000654                PMSM_FOC_0_i_phase_uChan_InitHandle
 .data.PMSM_FOC_0_PI_Torque
                0x20000664       0x28 ./Dave/Generated/PMSM_FOC/pmsm_foc_conf.o
                0x20000664                PMSM_FOC_0_PI_Torque
 .data.PMSM_FOC_0_i_phase_vChan_InitHandle
                0x2000068c       0x10 ./Dave/Generated/PMSM_FOC/pmsm_foc_conf.o
                0x2000068c                PMSM_FOC_0_i_phase_vChan_InitHandle
 .data.PMSM_FOC_0_FCL_InterruptConfig
                0x2000069c        0x3 ./Dave/Generated/PMSM_FOC/pmsm_foc_conf.o
                0x2000069c                PMSM_FOC_0_FCL_InterruptConfig
 *fill*         0x2000069f        0x1 
 .data.PMSM_FOC_0
                0x200006a0       0xbc ./Dave/Generated/PMSM_FOC/pmsm_foc_conf.o
                0x200006a0                PMSM_FOC_0
 .data.PMSM_FOC_0_PI_Speed
                0x2000075c       0x28 ./Dave/Generated/PMSM_FOC/pmsm_foc_conf.o
                0x2000075c                PMSM_FOC_0_PI_Speed
 .data.ADC_QUEUE_0_QEntry_v_dc_link
                0x20000784        0xc ./Dave/Generated/PMSM_FOC/pmsm_foc_conf.o
                0x20000784                ADC_QUEUE_0_QEntry_v_dc_link
 .data.PMSM_FOC_0_Input
                0x20000790       0x74 ./Dave/Generated/PMSM_FOC/pmsm_foc_conf.o
                0x20000790                PMSM_FOC_0_Input
 .data.PMSM_FOC_0_v_dc_linkChan_InitHandle
                0x20000804       0x10 ./Dave/Generated/PMSM_FOC/pmsm_foc_conf.o
                0x20000804                PMSM_FOC_0_v_dc_linkChan_InitHandle
 .data.PMSM_FOC_0_i_phase_wChan_InitHandle
                0x20000814       0x10 ./Dave/Generated/PMSM_FOC/pmsm_foc_conf.o
                0x20000814                PMSM_FOC_0_i_phase_wChan_InitHandle
 .data.PMSM_FOC_0_Trap_InterruptConfig
                0x20000824        0x3 ./Dave/Generated/PMSM_FOC/pmsm_foc_conf.o
                0x20000824                PMSM_FOC_0_Trap_InterruptConfig
 *fill*         0x20000827        0x1 
 .data.ADC_QUEUE_0_QEntry_i_phase_u
                0x20000828        0xc ./Dave/Generated/PMSM_FOC/pmsm_foc_conf.o
                0x20000828                ADC_QUEUE_0_QEntry_i_phase_u
 .data.ADC_QUEUE_0_QEntry_i_phase_v
                0x20000834        0xc ./Dave/Generated/PMSM_FOC/pmsm_foc_conf.o
                0x20000834                ADC_QUEUE_0_QEntry_i_phase_v
 .data.ADC_QUEUE_0_QEntry_i_phase_w
                0x20000840        0xc ./Dave/Generated/PMSM_FOC/pmsm_foc_conf.o
                0x20000840                ADC_QUEUE_0_QEntry_i_phase_w
 .data.PMSM_FOC_0_ADCConfig
                0x2000084c       0xa4 ./Dave/Generated/PMSM_FOC/pmsm_foc_conf.o
                0x2000084c                PMSM_FOC_0_ADCConfig
 .data.PMSM_FOC_0_PI_PLL
                0x200008f0       0x28 ./Dave/Generated/PMSM_FOC/pmsm_foc_conf.o
                0x200008f0                PMSM_FOC_0_PI_PLL
 .data.PMSM_FOC_0_Vf
                0x20000918       0x10 ./Dave/Generated/PMSM_FOC/pmsm_foc_conf.o
                0x20000918                PMSM_FOC_0_Vf
 .data.HALL_POSIF_0_capture
                0x20000928       0x10 ./Dave/Generated/HALL_POSIF/hall_posif_conf.o
                0x20000928                HALL_POSIF_0_capture
 .data.HALL_POSIF_0_InitHandle
                0x20000938        0x4 ./Dave/Generated/HALL_POSIF/hall_posif_conf.o
                0x20000938                HALL_POSIF_0_InitHandle
 .data.HALL_POSIF_0_Config
                0x2000093c       0x20 ./Dave/Generated/HALL_POSIF/hall_posif_conf.o
                0x2000093c                HALL_POSIF_0_Config
 .data.HALL_POSIF_0_H1_PadResource
                0x2000095c        0x8 ./Dave/Generated/HALL_POSIF/hall_posif_conf.o
                0x2000095c                HALL_POSIF_0_H1_PadResource
 .data.HALL_POSIF_0_capture_eventconfig
                0x20000964        0x4 ./Dave/Generated/HALL_POSIF/hall_posif_conf.o
                0x20000964                HALL_POSIF_0_capture_eventconfig
 .data.HALL_POSIF_0_Hall_PadConfig
                0x20000968        0x8 ./Dave/Generated/HALL_POSIF/hall_posif_conf.o
                0x20000968                HALL_POSIF_0_Hall_PadConfig
 .data.HALL_POSIF_0_capture_init
                0x20000970        0x8 ./Dave/Generated/HALL_POSIF/hall_posif_conf.o
                0x20000970                HALL_POSIF_0_capture_init
 .data.HALL_POSIF_0_phdelay_eventconfig
                0x20000978        0x4 ./Dave/Generated/HALL_POSIF/hall_posif_conf.o
                0x20000978                HALL_POSIF_0_phdelay_eventconfig
 .data.HALL_POSIF_0
                0x2000097c       0x8c ./Dave/Generated/HALL_POSIF/hall_posif_conf.o
                0x2000097c                HALL_POSIF_0
 .data.HALL_POSIF_0_phasedelay
                0x20000a08       0x10 ./Dave/Generated/HALL_POSIF/hall_posif_conf.o
                0x20000a08                HALL_POSIF_0_phasedelay
 .data.HALL_POSIF_0_H3_PadResource
                0x20000a18        0x8 ./Dave/Generated/HALL_POSIF/hall_posif_conf.o
                0x20000a18                HALL_POSIF_0_H3_PadResource
 .data.HALL_POSIF_0_H2_PadResource
                0x20000a20        0x8 ./Dave/Generated/HALL_POSIF/hall_posif_conf.o
                0x20000a20                HALL_POSIF_0_H2_PadResource
 .data.HALL_POSIF_0_phdelaytimer_init
                0x20000a28        0x8 ./Dave/Generated/HALL_POSIF/hall_posif_conf.o
                0x20000a28                HALL_POSIF_0_phdelaytimer_init
 .data.GLOBAL_POSIF_0
                0x20000a30        0x8 ./Dave/Generated/GLOBAL_POSIF/global_posif_conf.o
                0x20000a30                GLOBAL_POSIF_0
 .data.GLOBAL_CCU8_0
                0x20000a38       0x10 ./Dave/Generated/GLOBAL_CCU8/global_ccu8_conf.o
                0x20000a38                GLOBAL_CCU8_0
 .data.GLOBAL_CCU4_0
                0x20000a48       0x10 ./Dave/Generated/GLOBAL_CCU4/global_ccu4_conf.o
                0x20000a48                GLOBAL_CCU4_0
 .data.group_0_config
                0x20000a58        0xc ./Dave/Generated/GLOBAL_ADC/global_adc_conf.o
                0x20000a58                group_0_config
 .data.GLOBAL_ADC_0
                0x20000a64       0x1c ./Dave/Generated/GLOBAL_ADC/global_adc_conf.o
                0x20000a64                GLOBAL_ADC_0
 .data.group_1_config
                0x20000a80        0xc ./Dave/Generated/GLOBAL_ADC/global_adc_conf.o
                0x20000a80                group_1_config
 .data.ADC_QUEUE_0
                0x20000a8c       0x20 ./Dave/Generated/ADC_QUEUE/adc_queue_conf.o
                0x20000a8c                ADC_QUEUE_0
 .data.impure_data
                0x20000aac       0x60 c:/dave_4-4-2_64bit_2018-02-23/dave-ide-4.4.2-64bit/eclipse/arm-gcc-49/bin/../lib/gcc/arm-none-eabi/4.9.3/../../../../arm-none-eabi/lib/armv6-m\libc_nano.a(lib_a-impure.o)
 .data._impure_ptr
                0x20000b0c        0x4 c:/dave_4-4-2_64bit_2018-02-23/dave-ide-4.4.2-64bit/eclipse/arm-gcc-49/bin/../lib/gcc/arm-none-eabi/4.9.3/../../../../arm-none-eabi/lib/armv6-m\libc_nano.a(lib_a-impure.o)
                0x20000b0c                _impure_ptr
 .data.__ctype_ptr__
                0x20000b10        0x4 c:/dave_4-4-2_64bit_2018-02-23/dave-ide-4.4.2-64bit/eclipse/arm-gcc-49/bin/../lib/gcc/arm-none-eabi/4.9.3/../../../../arm-none-eabi/lib/armv6-m\libc_nano.a(lib_a-ctype_.o)
                0x20000b10                __ctype_ptr__
 .data.lconv    0x20000b14       0x38 c:/dave_4-4-2_64bit_2018-02-23/dave-ide-4.4.2-64bit/eclipse/arm-gcc-49/bin/../lib/gcc/arm-none-eabi/4.9.3/../../../../arm-none-eabi/lib/armv6-m\libc_nano.a(lib_a-locale.o)
 *(*.data)
 *(.gnu.linkonce.d*)
                0x20000b4c                . = ALIGN (0x4)
                0x20000b4c                PROVIDE (__preinit_array_start, .)
 *(.preinit_array)
                0x20000b4c                PROVIDE (__preinit_array_end, .)
                0x20000b4c                . = ALIGN (0x4)
                0x20000b4c                PROVIDE (__init_array_start, .)
 *(SORT(.init_array.*))
 *(.init_array)
                0x20000b4c                PROVIDE (__init_array_end, .)
                0x20000b4c                . = ALIGN (0x4)
                0x20000b4c                PROVIDE (__fini_array_start, .)
 *(SORT(.fini_array.*))
 *(.fini_array)
                0x20000b4c                PROVIDE (__fini_array_end, .)
                0x20000b4c                . = ALIGN (0x4)
                0x20000b4c                __data_end = .
                0x10009b18                DataLoadAddr = LOADADDR (.data)
                0x00000604                __data_size = (__data_end - __data_start)

.igot.plt       0x20000b4c        0x0 load address 0x1000a11c
 .igot.plt      0x00000000        0x0 ./Startup/startup_XMC1300.o

.ram_code       0x20000b50      0xd48 load address 0x1000a11c
                0x20000b50                . = ALIGN (0x4)
                0x20000b50                __ram_code_start = .
 *(.ram_code)
 .ram_code      0x20000b50      0x320 ./Dave/Generated/PWM_SVM/pwm_svm.o
                0x20000bda                PWM_SVM_CalCmpValueSym7
                0x20000c28                PWM_SVM_CalCmpValueSym5
                0x20000c6c                PWM_SVM_TimecalcUsingCORDIC
                0x20000d88                PWM_SVM_TimecalcUsingLUT
                0x20000e4c                PWM_SVM_SVMUpdate
 .ram_code      0x20000e70      0x3c4 ./Dave/Generated/PMSM_FOC/pmsm_foc_control.o
                0x20000ee0                CCU80_1_IRQHandler
                0x20000f0c                PMSM_FOC_MSM
                0x200011a2                CCU80_0_IRQHandler
 .ram_code      0x20001234      0x540 C:\Workspaces\DAVE-4.4.2-64Bit\TSDZ2\NEW\Dave\Generated\PMSM_FOC\libPMSM_FOC_LIB.a(FOC_Lib_v1.2.0.o)
                0x20001234                FOC_Controller_LIB
 *fill*         0x20001774        0x4 
 .ram_code.__stub
                0x20001778      0x120 linker stubs
                0x20001898                . = ALIGN (0x4)
                0x20001898                __ram_code_end = .
                0x1000a11c                __ram_code_load = LOADADDR (.ram_code)
                0x00000d48                __ram_code_size = (__ram_code_end - __ram_code_start)
                0x00009e64                __text_size = ((((__exidx_end - sText) + VeneerSize) + __data_size) + __ram_code_size)
                0x1000ae64                eText = (sText + __text_size)

.rel.dyn        0x20001898        0x0 load address 0x1000ae64
 .rel.iplt      0x00000000        0x0 ./Startup/startup_XMC1300.o

.bss            0x20001898      0x188 load address 0x1000ae64
                0x20001898                . = ALIGN (0x4)
                0x20001898                __bss_start = .
 *(.bss)
 *(.bss*)
 .bss.FDIV.5018
                0x20001898        0x4 ./Startup/system_XMC1300.o
 .bss.IDIV.5017
                0x2000189c        0x4 ./Startup/system_XMC1300.o
 .bss.heap_ptr.4331
                0x200018a0        0x4 ./Libraries/Newlib/syscalls.o
 .bss.UART_0_runtime
                0x200018a4       0x1c ./Dave/Generated/UART/uart_conf.o
                0x200018a4                UART_0_runtime
 .bss.PMSM_FOC_0_v_dc_linkRes_InitHandle
                0x200018c0        0x4 ./Dave/Generated/PMSM_FOC/pmsm_foc_conf.o
                0x200018c0                PMSM_FOC_0_v_dc_linkRes_InitHandle
 .bss.PMSM_FOC_0_i_phase_wRes_InitHandle
                0x200018c4        0x4 ./Dave/Generated/PMSM_FOC/pmsm_foc_conf.o
                0x200018c4                PMSM_FOC_0_i_phase_wRes_InitHandle
 .bss.PMSM_FOC_0_i_phase_vRes_InitHandle
                0x200018c8        0x4 ./Dave/Generated/PMSM_FOC/pmsm_foc_conf.o
                0x200018c8                PMSM_FOC_0_i_phase_vRes_InitHandle
 .bss.PMSM_FOC_0_i_phase_uRes_InitHandle
                0x200018cc        0x4 ./Dave/Generated/PMSM_FOC/pmsm_foc_conf.o
                0x200018cc                PMSM_FOC_0_i_phase_uRes_InitHandle
 .bss.HALL_POSIF_0_PosifConf
                0x200018d0        0x4 ./Dave/Generated/HALL_POSIF/hall_posif_conf.o
                0x200018d0                HALL_POSIF_0_PosifConf
 .bss.CLOCK_XMC1_0
                0x200018d4        0x1 ./Dave/Generated/CLOCK_XMC1/clock_xmc1_conf.o
                0x200018d4                CLOCK_XMC1_0
 *fill*         0x200018d5        0x3 
 .bss.adc_queue_callback_list
                0x200018d8       0x40 ./Dave/Generated/ADC_QUEUE/adc_queue.o
 .bss.Vref_SinDelta
                0x20001918        0x4 C:\Workspaces\DAVE-4.4.2-64Bit\TSDZ2\NEW\Dave\Generated\PMSM_FOC\libPMSM_FOC_LIB.a(FOC_Lib_v1.2.0.o)
                0x20001918                Vref_SinDelta
 .bss.Vref_CosDelta
                0x2000191c        0x4 C:\Workspaces\DAVE-4.4.2-64Bit\TSDZ2\NEW\Dave\Generated\PMSM_FOC\libPMSM_FOC_LIB.a(FOC_Lib_v1.2.0.o)
                0x2000191c                Vref_CosDelta
 .bss.I_AngleQ31
                0x20001920        0x4 C:\Workspaces\DAVE-4.4.2-64Bit\TSDZ2\NEW\Dave\Generated\PMSM_FOC\libPMSM_FOC_LIB.a(FOC_Lib_v1.2.0.o)
                0x20001920                I_AngleQ31
 .bss.I_Mag     0x20001924        0x4 C:\Workspaces\DAVE-4.4.2-64Bit\TSDZ2\NEW\Dave\Generated\PMSM_FOC\libPMSM_FOC_LIB.a(FOC_Lib_v1.2.0.o)
                0x20001924                I_Mag
 .bss.Epsilon   0x20001928        0x4 C:\Workspaces\DAVE-4.4.2-64Bit\TSDZ2\NEW\Dave\Generated\PMSM_FOC\libPMSM_FOC_LIB.a(FOC_Lib_v1.2.0.o)
                0x20001928                Epsilon
 .bss.__malloc_sbrk_start
                0x2000192c        0x4 c:/dave_4-4-2_64bit_2018-02-23/dave-ide-4.4.2-64bit/eclipse/arm-gcc-49/bin/../lib/gcc/arm-none-eabi/4.9.3/../../../../arm-none-eabi/lib/armv6-m\libc_nano.a(lib_a-nano-mallocr.o)
                0x2000192c                __malloc_sbrk_start
 .bss.__malloc_free_list
                0x20001930        0x4 c:/dave_4-4-2_64bit_2018-02-23/dave-ide-4.4.2-64bit/eclipse/arm-gcc-49/bin/../lib/gcc/arm-none-eabi/4.9.3/../../../../arm-none-eabi/lib/armv6-m\libc_nano.a(lib_a-nano-mallocr.o)
                0x20001930                __malloc_free_list
 *(COMMON)
 COMMON         0x20001934       0x18 ./Dave/Generated/PMSM_FOC/pmsm_foc_conf.o
                0x20001934                PMSM_FOC_0_Output
 COMMON         0x2000194c       0x10 ./Dave/Generated/ADC_QUEUE/adc_queue.o
                0x2000194c                adc_queue_list_ptrs
 COMMON         0x2000195c       0xc0 ./Dave/Generated/ADC_QUEUE/adc_queue_conf.o
                0x2000195c                adc_queue_list_ch_index_0
                0x200019bc                adc_queue_list_pos_index_0
 COMMON         0x20001a1c        0x4 c:/dave_4-4-2_64bit_2018-02-23/dave-ide-4.4.2-64bit/eclipse/arm-gcc-49/bin/../lib/gcc/arm-none-eabi/4.9.3/../../../../arm-none-eabi/lib/armv6-m\libc_nano.a(lib_a-reent.o)
                0x20001a1c                errno
 *(.gnu.linkonce.b*)
                0x20001a20                . = ALIGN (0x4)
                0x20001a20                __bss_end = .
                0x20001a20                . = ALIGN (0x8)
                0x20001a20                Heap_Bank1_Start = .
                0x00000188                __bss_size = (__bss_end - __bss_start)

.no_init        0x20003ffc        0x4 load address 0x00003eb8
                0x20003ffc                Heap_Bank1_End = .
 *(.no_init)
 .no_init       0x20003ffc        0x4 ./Startup/system_XMC1300.o
                0x20003ffc                SystemCoreClock
                0x000025dc                Heap_Bank1_Size = (Heap_Bank1_End - Heap_Bank1_Start)
                0x00000001                ASSERT ((Heap_Bank1_Start <= Heap_Bank1_End), region SRAM overflowed no_init section)

/DISCARD/
 *(.comment)

.stab
 *(.stab)

.stabstr
 *(.stabstr)

.debug
 *(.debug)

.line
 *(.line)

.debug_srcinfo
 *(.debug_srcinfo)

.debug_sfnames
 *(.debug_sfnames)

.debug_aranges  0x00000000       0x40
 *(.debug_aranges)
 .debug_aranges
                0x00000000       0x40 C:\Workspaces\DAVE-4.4.2-64Bit\TSDZ2\NEW\Dave\Generated\PMSM_FOC\libPMSM_FOC_LIB.a(FOC_Lib_v1.2.0.o)

.debug_pubnames
 *(.debug_pubnames)

.debug_pubtypes
 *(.debug_pubtypes)

.debug_info     0x00000000     0x3c0c
 *(.debug_info .gnu.linkonce.wi.*)
 .debug_info    0x00000000     0x3c0c C:\Workspaces\DAVE-4.4.2-64Bit\TSDZ2\NEW\Dave\Generated\PMSM_FOC\libPMSM_FOC_LIB.a(FOC_Lib_v1.2.0.o)

.debug_abbrev   0x00000000      0x2b4
 *(.debug_abbrev)
 .debug_abbrev  0x00000000      0x2b4 C:\Workspaces\DAVE-4.4.2-64Bit\TSDZ2\NEW\Dave\Generated\PMSM_FOC\libPMSM_FOC_LIB.a(FOC_Lib_v1.2.0.o)

.debug_line     0x00000000      0x698
 *(.debug_line)
 .debug_line    0x00000000      0x698 C:\Workspaces\DAVE-4.4.2-64Bit\TSDZ2\NEW\Dave\Generated\PMSM_FOC\libPMSM_FOC_LIB.a(FOC_Lib_v1.2.0.o)

.debug_frame    0x00000000      0xca0
 *(.debug_frame)
 .debug_frame   0x00000000       0xb4 C:\Workspaces\DAVE-4.4.2-64Bit\TSDZ2\NEW\Dave\Generated\PMSM_FOC\libPMSM_FOC_LIB.a(FOC_Lib_v1.2.0.o)
 .debug_frame   0x000000b4       0x20 c:/dave_4-4-2_64bit_2018-02-23/dave-ide-4.4.2-64bit/eclipse/arm-gcc-49/bin/../lib/gcc/arm-none-eabi/4.9.3/../../../../arm-none-eabi/lib/armv6-m\libc_nano.a(lib_a-errno.o)
 .debug_frame   0x000000d4       0x2c c:/dave_4-4-2_64bit_2018-02-23/dave-ide-4.4.2-64bit/eclipse/arm-gcc-49/bin/../lib/gcc/arm-none-eabi/4.9.3/../../../../arm-none-eabi/lib/armv6-m\libc_nano.a(lib_a-init.o)
 .debug_frame   0x00000100       0x28 c:/dave_4-4-2_64bit_2018-02-23/dave-ide-4.4.2-64bit/eclipse/arm-gcc-49/bin/../lib/gcc/arm-none-eabi/4.9.3/../../../../arm-none-eabi/lib/armv6-m\libc_nano.a(lib_a-memcpy.o)
 .debug_frame   0x00000128       0x20 c:/dave_4-4-2_64bit_2018-02-23/dave-ide-4.4.2-64bit/eclipse/arm-gcc-49/bin/../lib/gcc/arm-none-eabi/4.9.3/../../../../arm-none-eabi/lib/armv6-m\libc_nano.a(lib_a-memset.o)
 .debug_frame   0x00000148       0x74 c:/dave_4-4-2_64bit_2018-02-23/dave-ide-4.4.2-64bit/eclipse/arm-gcc-49/bin/../lib/gcc/arm-none-eabi/4.9.3/../../../../arm-none-eabi/lib/armv6-m\libc_nano.a(lib_a-nano-vfprintf_float.o)
 .debug_frame   0x000001bc       0x54 c:/dave_4-4-2_64bit_2018-02-23/dave-ide-4.4.2-64bit/eclipse/arm-gcc-49/bin/../lib/gcc/arm-none-eabi/4.9.3/../../../../arm-none-eabi/lib/armv6-m\libc_nano.a(lib_a-nano-vfprintf_i.o)
 .debug_frame   0x00000210       0x30 c:/dave_4-4-2_64bit_2018-02-23/dave-ide-4.4.2-64bit/eclipse/arm-gcc-49/bin/../lib/gcc/arm-none-eabi/4.9.3/../../../../arm-none-eabi/lib/armv6-m\libc_nano.a(lib_a-nano-vfscanf_float.o)
 .debug_frame   0x00000240       0x2c c:/dave_4-4-2_64bit_2018-02-23/dave-ide-4.4.2-64bit/eclipse/arm-gcc-49/bin/../lib/gcc/arm-none-eabi/4.9.3/../../../../arm-none-eabi/lib/armv6-m\libc_nano.a(lib_a-s_fpclassify.o)
 .debug_frame   0x0000026c       0x20 c:/dave_4-4-2_64bit_2018-02-23/dave-ide-4.4.2-64bit/eclipse/arm-gcc-49/bin/../lib/gcc/arm-none-eabi/4.9.3/../../../../arm-none-eabi/lib/armv6-m\libc_nano.a(lib_a-sf_nan.o)
 .debug_frame   0x0000028c       0x50 c:/dave_4-4-2_64bit_2018-02-23/dave-ide-4.4.2-64bit/eclipse/arm-gcc-49/bin/../lib/gcc/arm-none-eabi/4.9.3/../../../../arm-none-eabi/lib/armv6-m\libc_nano.a(lib_a-sprintf.o)
 .debug_frame   0x000002dc       0x20 c:/dave_4-4-2_64bit_2018-02-23/dave-ide-4.4.2-64bit/eclipse/arm-gcc-49/bin/../lib/gcc/arm-none-eabi/4.9.3/../../../../arm-none-eabi/lib/armv6-m\libc_nano.a(lib_a-strlen.o)
 .debug_frame   0x000002fc       0xa0 c:/dave_4-4-2_64bit_2018-02-23/dave-ide-4.4.2-64bit/eclipse/arm-gcc-49/bin/../lib/gcc/arm-none-eabi/4.9.3/../../../../arm-none-eabi/lib/armv6-m\libc_nano.a(lib_a-strtod.o)
 .debug_frame   0x0000039c       0x4c c:/dave_4-4-2_64bit_2018-02-23/dave-ide-4.4.2-64bit/eclipse/arm-gcc-49/bin/../lib/gcc/arm-none-eabi/4.9.3/../../../../arm-none-eabi/lib/armv6-m\libc_nano.a(lib_a-strtol.o)
 .debug_frame   0x000003e8       0x54 c:/dave_4-4-2_64bit_2018-02-23/dave-ide-4.4.2-64bit/eclipse/arm-gcc-49/bin/../lib/gcc/arm-none-eabi/4.9.3/../../../../arm-none-eabi/lib/armv6-m\libc_nano.a(lib_a-dtoa.o)
 .debug_frame   0x0000043c       0x60 c:/dave_4-4-2_64bit_2018-02-23/dave-ide-4.4.2-64bit/eclipse/arm-gcc-49/bin/../lib/gcc/arm-none-eabi/4.9.3/../../../../arm-none-eabi/lib/armv6-m\libc_nano.a(lib_a-gdtoa-gethex.o)
 .debug_frame   0x0000049c       0x4c c:/dave_4-4-2_64bit_2018-02-23/dave-ide-4.4.2-64bit/eclipse/arm-gcc-49/bin/../lib/gcc/arm-none-eabi/4.9.3/../../../../arm-none-eabi/lib/armv6-m\libc_nano.a(lib_a-gdtoa-hexnan.o)
 .debug_frame   0x000004e8       0xa4 c:/dave_4-4-2_64bit_2018-02-23/dave-ide-4.4.2-64bit/eclipse/arm-gcc-49/bin/../lib/gcc/arm-none-eabi/4.9.3/../../../../arm-none-eabi/lib/armv6-m\libc_nano.a(lib_a-locale.o)
 .debug_frame   0x0000058c       0x40 c:/dave_4-4-2_64bit_2018-02-23/dave-ide-4.4.2-64bit/eclipse/arm-gcc-49/bin/../lib/gcc/arm-none-eabi/4.9.3/../../../../arm-none-eabi/lib/armv6-m\libc_nano.a(lib_a-malloc.o)
 .debug_frame   0x000005cc       0x20 c:/dave_4-4-2_64bit_2018-02-23/dave-ide-4.4.2-64bit/eclipse/arm-gcc-49/bin/../lib/gcc/arm-none-eabi/4.9.3/../../../../arm-none-eabi/lib/armv6-m\libc_nano.a(lib_a-memchr.o)
 .debug_frame   0x000005ec      0x238 c:/dave_4-4-2_64bit_2018-02-23/dave-ide-4.4.2-64bit/eclipse/arm-gcc-49/bin/../lib/gcc/arm-none-eabi/4.9.3/../../../../arm-none-eabi/lib/armv6-m\libc_nano.a(lib_a-mprec.o)
 .debug_frame   0x00000824       0x2c c:/dave_4-4-2_64bit_2018-02-23/dave-ide-4.4.2-64bit/eclipse/arm-gcc-49/bin/../lib/gcc/arm-none-eabi/4.9.3/../../../../arm-none-eabi/lib/armv6-m\libc_nano.a(lib_a-nano-callocr.o)
 .debug_frame   0x00000850       0x2c c:/dave_4-4-2_64bit_2018-02-23/dave-ide-4.4.2-64bit/eclipse/arm-gcc-49/bin/../lib/gcc/arm-none-eabi/4.9.3/../../../../arm-none-eabi/lib/armv6-m\libc_nano.a(lib_a-nano-freer.o)
 .debug_frame   0x0000087c       0x2c c:/dave_4-4-2_64bit_2018-02-23/dave-ide-4.4.2-64bit/eclipse/arm-gcc-49/bin/../lib/gcc/arm-none-eabi/4.9.3/../../../../arm-none-eabi/lib/armv6-m\libc_nano.a(lib_a-nano-mallocr.o)
 .debug_frame   0x000008a8       0x74 c:/dave_4-4-2_64bit_2018-02-23/dave-ide-4.4.2-64bit/eclipse/arm-gcc-49/bin/../lib/gcc/arm-none-eabi/4.9.3/../../../../arm-none-eabi/lib/armv6-m\libc_nano.a(lib_a-nano-svfprintf.o)
 .debug_frame   0x0000091c       0x2c c:/dave_4-4-2_64bit_2018-02-23/dave-ide-4.4.2-64bit/eclipse/arm-gcc-49/bin/../lib/gcc/arm-none-eabi/4.9.3/../../../../arm-none-eabi/lib/armv6-m\libc_nano.a(lib_a-sbrkr.o)
 .debug_frame   0x00000948       0x2c c:/dave_4-4-2_64bit_2018-02-23/dave-ide-4.4.2-64bit/eclipse/arm-gcc-49/bin/../lib/gcc/arm-none-eabi/4.9.3/../../../../arm-none-eabi/lib/armv6-m\libc_nano.a(lib_a-strncmp.o)
 .debug_frame   0x00000974       0x28 c:/dave_4-4-2_64bit_2018-02-23/dave-ide-4.4.2-64bit/eclipse/arm-gcc-49/bin/../lib/gcc/arm-none-eabi/4.9.3/../../../../arm-none-eabi/lib/armv6-m\libc_nano.a(lib_a-memmove.o)
 .debug_frame   0x0000099c       0x30 c:/dave_4-4-2_64bit_2018-02-23/dave-ide-4.4.2-64bit/eclipse/arm-gcc-49/bin/../lib/gcc/arm-none-eabi/4.9.3/../../../../arm-none-eabi/lib/armv6-m\libc_nano.a(lib_a-nano-reallocr.o)
 .debug_frame   0x000009cc       0x48 c:/dave_4-4-2_64bit_2018-02-23/dave-ide-4.4.2-64bit/eclipse/arm-gcc-49/bin/../lib/gcc/arm-none-eabi/4.9.3/../../../../arm-none-eabi/lib/armv6-m\libc_nano.a(lib_a-reent.o)
 .debug_frame   0x00000a14       0x20 c:/dave_4-4-2_64bit_2018-02-23/dave-ide-4.4.2-64bit/eclipse/arm-gcc-49/bin/../lib/gcc/arm-none-eabi/4.9.3/../../../../arm-none-eabi/lib/armv6-m\libc_nano.a(lib_a-nano-msizer.o)
 .debug_frame   0x00000a34       0x2c c:/dave_4-4-2_64bit_2018-02-23/dave-ide-4.4.2-64bit/eclipse/arm-gcc-49/bin/../lib/gcc/arm-none-eabi/4.9.3/armv6-m\libgcc.a(_fixunsdfsi.o)
 .debug_frame   0x00000a60       0x38 c:/dave_4-4-2_64bit_2018-02-23/dave-ide-4.4.2-64bit/eclipse/arm-gcc-49/bin/../lib/gcc/arm-none-eabi/4.9.3/armv6-m\libgcc.a(adddf3.o)
 .debug_frame   0x00000a98       0x3c c:/dave_4-4-2_64bit_2018-02-23/dave-ide-4.4.2-64bit/eclipse/arm-gcc-49/bin/../lib/gcc/arm-none-eabi/4.9.3/armv6-m\libgcc.a(divdf3.o)
 .debug_frame   0x00000ad4       0x38 c:/dave_4-4-2_64bit_2018-02-23/dave-ide-4.4.2-64bit/eclipse/arm-gcc-49/bin/../lib/gcc/arm-none-eabi/4.9.3/armv6-m\libgcc.a(eqdf2.o)
 .debug_frame   0x00000b0c       0x38 c:/dave_4-4-2_64bit_2018-02-23/dave-ide-4.4.2-64bit/eclipse/arm-gcc-49/bin/../lib/gcc/arm-none-eabi/4.9.3/armv6-m\libgcc.a(gedf2.o)
 .debug_frame   0x00000b44       0x38 c:/dave_4-4-2_64bit_2018-02-23/dave-ide-4.4.2-64bit/eclipse/arm-gcc-49/bin/../lib/gcc/arm-none-eabi/4.9.3/armv6-m\libgcc.a(ledf2.o)
 .debug_frame   0x00000b7c       0x3c c:/dave_4-4-2_64bit_2018-02-23/dave-ide-4.4.2-64bit/eclipse/arm-gcc-49/bin/../lib/gcc/arm-none-eabi/4.9.3/armv6-m\libgcc.a(muldf3.o)
 .debug_frame   0x00000bb8       0x3c c:/dave_4-4-2_64bit_2018-02-23/dave-ide-4.4.2-64bit/eclipse/arm-gcc-49/bin/../lib/gcc/arm-none-eabi/4.9.3/armv6-m\libgcc.a(subdf3.o)
 .debug_frame   0x00000bf4       0x2c c:/dave_4-4-2_64bit_2018-02-23/dave-ide-4.4.2-64bit/eclipse/arm-gcc-49/bin/../lib/gcc/arm-none-eabi/4.9.3/armv6-m\libgcc.a(fixdfsi.o)
 .debug_frame   0x00000c20       0x2c c:/dave_4-4-2_64bit_2018-02-23/dave-ide-4.4.2-64bit/eclipse/arm-gcc-49/bin/../lib/gcc/arm-none-eabi/4.9.3/armv6-m\libgcc.a(floatsidf.o)
 .debug_frame   0x00000c4c       0x28 c:/dave_4-4-2_64bit_2018-02-23/dave-ide-4.4.2-64bit/eclipse/arm-gcc-49/bin/../lib/gcc/arm-none-eabi/4.9.3/armv6-m\libgcc.a(floatunsidf.o)
 .debug_frame   0x00000c74       0x2c c:/dave_4-4-2_64bit_2018-02-23/dave-ide-4.4.2-64bit/eclipse/arm-gcc-49/bin/../lib/gcc/arm-none-eabi/4.9.3/armv6-m\libgcc.a(truncdfsf2.o)

.debug_str      0x00000000     0x350f
 *(.debug_str)
 .debug_str     0x00000000     0x350f C:\Workspaces\DAVE-4.4.2-64Bit\TSDZ2\NEW\Dave\Generated\PMSM_FOC\libPMSM_FOC_LIB.a(FOC_Lib_v1.2.0.o)
                               0x3679 (size before relaxing)

.debug_loc      0x00000000      0x724
 *(.debug_loc)
 .debug_loc     0x00000000      0x724 C:\Workspaces\DAVE-4.4.2-64Bit\TSDZ2\NEW\Dave\Generated\PMSM_FOC\libPMSM_FOC_LIB.a(FOC_Lib_v1.2.0.o)

.debug_macinfo
 *(.debug_macinfo)

.debug_ranges   0x00000000       0x48
 *(.debug_ranges)
 .debug_ranges  0x00000000       0x48 C:\Workspaces\DAVE-4.4.2-64Bit\TSDZ2\NEW\Dave\Generated\PMSM_FOC\libPMSM_FOC_LIB.a(FOC_Lib_v1.2.0.o)

.debug_weaknames
 *(.debug_weaknames)

.debug_funcnames
 *(.debug_funcnames)

.debug_typenames
 *(.debug_typenames)

.debug_varnames
 *(.debug_varnames)

.build_attributes
                0x00000000      0xf8b
 *(.ARM.attributes)
 .ARM.attributes
                0x00000000       0x21 ./Startup/startup_XMC1300.o
 .ARM.attributes
                0x00000021       0x31 ./Startup/system_XMC1300.o
 .ARM.attributes
                0x00000052       0x31 ./Libraries/XMCLib/src/xmc1_gpio.o
 .ARM.attributes
                0x00000083       0x31 ./Libraries/XMCLib/src/xmc1_scu.o
 .ARM.attributes
                0x000000b4       0x31 ./Libraries/XMCLib/src/xmc_ccu4.o
 .ARM.attributes
                0x000000e5       0x31 ./Libraries/XMCLib/src/xmc_ccu8.o
 .ARM.attributes
                0x00000116       0x31 ./Libraries/XMCLib/src/xmc_gpio.o
 .ARM.attributes
                0x00000147       0x31 ./Libraries/XMCLib/src/xmc_math.o
 .ARM.attributes
                0x00000178       0x31 ./Libraries/XMCLib/src/xmc_posif.o
 .ARM.attributes
                0x000001a9       0x31 ./Libraries/XMCLib/src/xmc_uart.o
 .ARM.attributes
                0x000001da       0x31 ./Libraries/XMCLib/src/xmc_usic.o
 .ARM.attributes
                0x0000020b       0x31 ./Libraries/XMCLib/src/xmc_vadc.o
 .ARM.attributes
                0x0000023c       0x31 ./Libraries/Newlib/syscalls.o
 .ARM.attributes
                0x0000026d       0x31 ./Dave/Generated/UART/uart.o
 .ARM.attributes
                0x0000029e       0x31 ./Dave/Generated/UART/uart_conf.o
 .ARM.attributes
                0x000002cf       0x31 ./Dave/Generated/PWM_SVM/pwm_svm.o
 .ARM.attributes
                0x00000300       0x31 ./Dave/Generated/PWM_SVM/pwm_svm_conf.o
 .ARM.attributes
                0x00000331       0x31 ./Dave/Generated/PWM_SVM/pwm_svm_table.o
 .ARM.attributes
                0x00000362       0x31 ./Dave/Generated/PMSM_FOC/pmsm_foc.o
 .ARM.attributes
                0x00000393       0x31 ./Dave/Generated/PMSM_FOC/pmsm_foc_conf.o
 .ARM.attributes
                0x000003c4       0x31 ./Dave/Generated/PMSM_FOC/pmsm_foc_control.o
 .ARM.attributes
                0x000003f5       0x31 ./Dave/Generated/HALL_POSIF/hall_posif.o
 .ARM.attributes
                0x00000426       0x31 ./Dave/Generated/HALL_POSIF/hall_posif_conf.o
 .ARM.attributes
                0x00000457       0x31 ./Dave/Generated/GLOBAL_POSIF/global_posif.o
 .ARM.attributes
                0x00000488       0x31 ./Dave/Generated/GLOBAL_POSIF/global_posif_conf.o
 .ARM.attributes
                0x000004b9       0x31 ./Dave/Generated/GLOBAL_CCU8/global_ccu8.o
 .ARM.attributes
                0x000004ea       0x31 ./Dave/Generated/GLOBAL_CCU8/global_ccu8_conf.o
 .ARM.attributes
                0x0000051b       0x31 ./Dave/Generated/GLOBAL_CCU4/global_ccu4.o
 .ARM.attributes
                0x0000054c       0x31 ./Dave/Generated/GLOBAL_CCU4/global_ccu4_conf.o
 .ARM.attributes
                0x0000057d       0x31 ./Dave/Generated/GLOBAL_ADC/global_adc.o
 .ARM.attributes
                0x000005ae       0x31 ./Dave/Generated/GLOBAL_ADC/global_adc_conf.o
 .ARM.attributes
                0x000005df       0x31 ./Dave/Generated/CPU_CTRL_XMC1/cpu_ctrl_xmc1_conf.o
 .ARM.attributes
                0x00000610       0x31 ./Dave/Generated/CLOCK_XMC1/clock_xmc1.o
 .ARM.attributes
                0x00000641       0x31 ./Dave/Generated/CLOCK_XMC1/clock_xmc1_conf.o
 .ARM.attributes
                0x00000672       0x31 ./Dave/Generated/ADC_QUEUE/adc_queue.o
 .ARM.attributes
                0x000006a3       0x31 ./Dave/Generated/ADC_QUEUE/adc_queue_conf.o
 .ARM.attributes
                0x000006d4       0x31 ./Dave/Generated/DAVE.o
 .ARM.attributes
                0x00000705       0x31 ./main.o
 .ARM.attributes
                0x00000736       0x31 C:\Workspaces\DAVE-4.4.2-64Bit\TSDZ2\NEW\Dave\Generated\PMSM_FOC\libPMSM_FOC_LIB.a(FOC_Lib_v1.2.0.o)
 .ARM.attributes
                0x00000767       0x1e c:/dave_4-4-2_64bit_2018-02-23/dave-ide-4.4.2-64bit/eclipse/arm-gcc-49/bin/../lib/gcc/arm-none-eabi/4.9.3/armv6-m\libgcc.a(_thumb1_case_uqi.o)
 .ARM.attributes
                0x00000785       0x1e c:/dave_4-4-2_64bit_2018-02-23/dave-ide-4.4.2-64bit/eclipse/arm-gcc-49/bin/../lib/gcc/arm-none-eabi/4.9.3/armv6-m\libgcc.a(_thumb1_case_uhi.o)
 .ARM.attributes
                0x000007a3       0x1e c:/dave_4-4-2_64bit_2018-02-23/dave-ide-4.4.2-64bit/eclipse/arm-gcc-49/bin/../lib/gcc/arm-none-eabi/4.9.3/armv6-m\libgcc.a(_clzsi2.o)
 .ARM.attributes
                0x000007c1       0x2c c:/dave_4-4-2_64bit_2018-02-23/dave-ide-4.4.2-64bit/eclipse/arm-gcc-49/bin/../lib/gcc/arm-none-eabi/4.9.3/../../../../arm-none-eabi/lib/armv6-m\libc_nano.a(lib_a-errno.o)
 .ARM.attributes
                0x000007ed       0x2c c:/dave_4-4-2_64bit_2018-02-23/dave-ide-4.4.2-64bit/eclipse/arm-gcc-49/bin/../lib/gcc/arm-none-eabi/4.9.3/../../../../arm-none-eabi/lib/armv6-m\libc_nano.a(lib_a-impure.o)
 .ARM.attributes
                0x00000819       0x2c c:/dave_4-4-2_64bit_2018-02-23/dave-ide-4.4.2-64bit/eclipse/arm-gcc-49/bin/../lib/gcc/arm-none-eabi/4.9.3/../../../../arm-none-eabi/lib/armv6-m\libc_nano.a(lib_a-init.o)
 .ARM.attributes
                0x00000845       0x2c c:/dave_4-4-2_64bit_2018-02-23/dave-ide-4.4.2-64bit/eclipse/arm-gcc-49/bin/../lib/gcc/arm-none-eabi/4.9.3/../../../../arm-none-eabi/lib/armv6-m\libc_nano.a(lib_a-memcpy.o)
 .ARM.attributes
                0x00000871       0x2c c:/dave_4-4-2_64bit_2018-02-23/dave-ide-4.4.2-64bit/eclipse/arm-gcc-49/bin/../lib/gcc/arm-none-eabi/4.9.3/../../../../arm-none-eabi/lib/armv6-m\libc_nano.a(lib_a-memset.o)
 .ARM.attributes
                0x0000089d       0x2c c:/dave_4-4-2_64bit_2018-02-23/dave-ide-4.4.2-64bit/eclipse/arm-gcc-49/bin/../lib/gcc/arm-none-eabi/4.9.3/../../../../arm-none-eabi/lib/armv6-m\libc_nano.a(lib_a-nano-vfprintf_float.o)
 .ARM.attributes
                0x000008c9       0x2c c:/dave_4-4-2_64bit_2018-02-23/dave-ide-4.4.2-64bit/eclipse/arm-gcc-49/bin/../lib/gcc/arm-none-eabi/4.9.3/../../../../arm-none-eabi/lib/armv6-m\libc_nano.a(lib_a-nano-vfprintf_i.o)
 .ARM.attributes
                0x000008f5       0x2c c:/dave_4-4-2_64bit_2018-02-23/dave-ide-4.4.2-64bit/eclipse/arm-gcc-49/bin/../lib/gcc/arm-none-eabi/4.9.3/../../../../arm-none-eabi/lib/armv6-m\libc_nano.a(lib_a-nano-vfscanf_float.o)
 .ARM.attributes
                0x00000921       0x2c c:/dave_4-4-2_64bit_2018-02-23/dave-ide-4.4.2-64bit/eclipse/arm-gcc-49/bin/../lib/gcc/arm-none-eabi/4.9.3/../../../../arm-none-eabi/lib/armv6-m\libc_nano.a(lib_a-s_fpclassify.o)
 .ARM.attributes